============================================================
Frame 123 duration=0.008333 boxesColliding=true
  box[0]: position=(0.000000, 0.650000, 0.000000), orientation=(1.000000, 0.000000, 0.000000, 0.000000), velocity=(0.000000, 0.000000, 0.000000), rotation=(0.000000, 0.000000, 0.000000), motion=0.000000
  box[1]: position=(0.000000, 1.896101, 0.000000), orientation=(1.000000, 0.000000, 0.000000, 0.000000), velocity=(0.000000, -9.793399, 0.000000), rotation=(0.000000, 0.000000, 0.000000), motion=3.000000
  [prepareContacts]
      contact=0
      point=(0.650000, 0.000000, 0.650000)
      normal=(0.000000, 1.000000, 0.000000)
      relative_pos[0]=(0.650000, -0.650000, 0.650000)
      relative_pos[1]=(0.000000, 0.000000, 0.000000)
      depth=0.000000
      basis=[0.000000 0.000000 1.000000 | 1.000000 -0.000000 -0.000000 | 0.000000 1.000000 -0.000000]
      local_velocity=(0.000000, 0.000000, 0.000000)
      desiredDeltaVelocity=-0.000000
  [prepareContacts]
      contact=1
      point=(-0.650000, 0.000000, 0.650000)
      normal=(0.000000, 1.000000, 0.000000)
      relative_pos[0]=(-0.650000, -0.650000, 0.650000)
      relative_pos[1]=(0.000000, 0.000000, 0.000000)
      depth=0.000000
      basis=[0.000000 0.000000 1.000000 | 1.000000 -0.000000 -0.000000 | 0.000000 1.000000 -0.000000]
      local_velocity=(0.000000, 0.000000, 0.000000)
      desiredDeltaVelocity=-0.000000
  [prepareContacts]
      contact=2
      point=(0.650000, 0.000000, -0.650000)
      normal=(0.000000, 1.000000, 0.000000)
      relative_pos[0]=(0.650000, -0.650000, -0.650000)
      relative_pos[1]=(0.000000, 0.000000, 0.000000)
      depth=0.000000
      basis=[0.000000 0.000000 1.000000 | 1.000000 -0.000000 -0.000000 | 0.000000 1.000000 -0.000000]
      local_velocity=(0.000000, 0.000000, 0.000000)
      desiredDeltaVelocity=-0.000000
  [prepareContacts]
      contact=3
      point=(-0.650000, 0.000000, -0.650000)
      normal=(0.000000, 1.000000, 0.000000)
      relative_pos[0]=(-0.650000, -0.650000, -0.650000)
      relative_pos[1]=(0.000000, 0.000000, 0.000000)
      depth=0.000000
      basis=[0.000000 0.000000 1.000000 | 1.000000 -0.000000 -0.000000 | 0.000000 1.000000 -0.000000]
      local_velocity=(0.000000, 0.000000, 0.000000)
      desiredDeltaVelocity=-0.000000
  [prepareContacts]
      contact=4
      point=(0.650000, 1.246101, 0.650000)
      normal=(-0.000000, -1.000000, -0.000000)
      relative_pos[0]=(0.650000, 0.596101, 0.650000)
      relative_pos[1]=(0.650000, -0.650000, 0.650000)
      depth=0.053899
      basis=[-0.000000 0.000000 1.000000 | -1.000000 0.000000 -0.000000 | -0.000000 -1.000000 -0.000000]
      local_velocity=(-9.793399, 0.000000, 0.000000)
      desiredDeltaVelocity=11.735729
  [adjustPositions] iteration=0
    [penetration]
      contact=4
      point=(0.650000, 1.246101, 0.650000)
      normal=(-0.000000, -1.000000, -0.000000)
      depth=0.053899
      basis=[-0.000000 0.000000 1.000000 | -1.000000 0.000000 -0.000000 | -0.000000 -1.000000 -0.000000]
      desiredDeltaVelocity=11.735729
      linearChange[0]=(-0.000000, -0.006737, -0.000000)
      linearChange[1]=(0.000000, 0.006737, 0.000000)
      angularChange[0]=(0.015548, 0.000000, -0.015548)
      angularChange[1]=(-0.015548, -0.000000, 0.015548)
    [depthUpdate]
      contact=0
      point=(0.650000, 0.000000, 0.650000)
      normal=(0.000000, 1.000000, 0.000000)
      depth=0.026949
      penetrationDelta=0.026949
      newPenetration=0.026949
    [depthUpdate]
      contact=1
      point=(-0.650000, 0.000000, 0.650000)
      normal=(0.000000, 1.000000, 0.000000)
      depth=0.006737
      penetrationDelta=0.006737
      newPenetration=0.006737
    [depthUpdate]
      contact=2
      point=(0.650000, 0.000000, -0.650000)
      normal=(0.000000, 1.000000, 0.000000)
      depth=0.006737
      penetrationDelta=0.006737
      newPenetration=0.006737
    [depthUpdate]
      contact=3
      point=(-0.650000, 0.000000, -0.650000)
      normal=(0.000000, 1.000000, 0.000000)
      depth=-0.013475
      penetrationDelta=-0.013475
      newPenetration=-0.013475
    [depthUpdate]
      contact=4
      point=(0.650000, 1.246101, 0.650000)
      normal=(-0.000000, -1.000000, -0.000000)
      depth=0.000000
      penetrationDelta=-0.053899
      newPenetration=0.000000
  [adjustPositions] iteration=1
    [penetration]
      contact=0
      point=(0.650000, 0.000000, 0.650000)
      normal=(0.000000, 1.000000, 0.000000)
      depth=0.026949
      basis=[0.000000 0.000000 1.000000 | 1.000000 -0.000000 -0.000000 | 0.000000 1.000000 -0.000000]
      desiredDeltaVelocity=-0.000000
      linearChange[0]=(0.000000, 0.006737, 0.000000)
      linearChange[1]=(0.000000, 0.006737, 0.000000)
      angularChange[0]=(-0.015548, 0.000000, 0.015548)
      angularChange[1]=(-0.015548, -0.000000, 0.015548)
    [depthUpdate]
      contact=0
      point=(0.650000, 0.000000, 0.650000)
      normal=(0.000000, 1.000000, 0.000000)
      depth=0.000000
      penetrationDelta=-0.026949
      newPenetration=0.000000
    [depthUpdate]
      contact=1
      point=(-0.650000, 0.000000, 0.650000)
      normal=(0.000000, 1.000000, 0.000000)
      depth=0.000000
      penetrationDelta=-0.006737
      newPenetration=0.000000
    [depthUpdate]
      contact=2
      point=(0.650000, 0.000000, -0.650000)
      normal=(0.000000, 1.000000, 0.000000)
      depth=0.000000
      penetrationDelta=-0.006737
      newPenetration=0.000000
    [depthUpdate]
      contact=3
      point=(-0.650000, 0.000000, -0.650000)
      normal=(0.000000, 1.000000, 0.000000)
      depth=0.000000
      penetrationDelta=0.013475
      newPenetration=0.000000
    [depthUpdate]
      contact=4
      point=(0.650000, 1.246101, 0.650000)
      normal=(-0.000000, -1.000000, -0.000000)
      depth=0.026949
      penetrationDelta=0.026949
      newPenetration=0.026949
  [adjustPositions] iteration=2
    [penetration]
      contact=4
      point=(0.650000, 1.246101, 0.650000)
      normal=(-0.000000, -1.000000, -0.000000)
      depth=0.026949
      basis=[-0.000000 0.000000 1.000000 | -1.000000 0.000000 -0.000000 | -0.000000 -1.000000 -0.000000]
      desiredDeltaVelocity=11.735729
      linearChange[0]=(-0.000000, -0.003369, -0.000000)
      linearChange[1]=(0.000000, 0.003369, 0.000000)
      angularChange[0]=(0.007774, 0.000000, -0.007774)
      angularChange[1]=(-0.007774, -0.000000, 0.007774)
    [depthUpdate]
      contact=0
      point=(0.650000, 0.000000, 0.650000)
      normal=(0.000000, 1.000000, 0.000000)
      depth=0.013475
      penetrationDelta=0.013475
      newPenetration=0.013475
    [depthUpdate]
      contact=1
      point=(-0.650000, 0.000000, 0.650000)
      normal=(0.000000, 1.000000, 0.000000)
      depth=0.003369
      penetrationDelta=0.003369
      newPenetration=0.003369
    [depthUpdate]
      contact=2
      point=(0.650000, 0.000000, -0.650000)
      normal=(0.000000, 1.000000, 0.000000)
      depth=0.003369
      penetrationDelta=0.003369
      newPenetration=0.003369
    [depthUpdate]
      contact=3
      point=(-0.650000, 0.000000, -0.650000)
      normal=(0.000000, 1.000000, 0.000000)
      depth=-0.006737
      penetrationDelta=-0.006737
      newPenetration=-0.006737
    [depthUpdate]
      contact=4
      point=(0.650000, 1.246101, 0.650000)
      normal=(-0.000000, -1.000000, -0.000000)
      depth=0.000000
      penetrationDelta=-0.026949
      newPenetration=0.000000
  [adjustPositions] iteration=3
    [penetration]
      contact=0
      point=(0.650000, 0.000000, 0.650000)
      normal=(0.000000, 1.000000, 0.000000)
      depth=0.013475
      basis=[0.000000 0.000000 1.000000 | 1.000000 -0.000000 -0.000000 | 0.000000 1.000000 -0.000000]
      desiredDeltaVelocity=-0.000000
      linearChange[0]=(0.000000, 0.003369, 0.000000)
      linearChange[1]=(0.000000, 0.003369, 0.000000)
      angularChange[0]=(-0.007774, 0.000000, 0.007774)
      angularChange[1]=(-0.007774, -0.000000, 0.007774)
    [depthUpdate]
      contact=0
      point=(0.650000, 0.000000, 0.650000)
      normal=(0.000000, 1.000000, 0.000000)
      depth=0.000000
      penetrationDelta=-0.013475
      newPenetration=0.000000
    [depthUpdate]
      contact=1
      point=(-0.650000, 0.000000, 0.650000)
      normal=(0.000000, 1.000000, 0.000000)
      depth=0.000000
      penetrationDelta=-0.003369
      newPenetration=0.000000
    [depthUpdate]
      contact=2
      point=(0.650000, 0.000000, -0.650000)
      normal=(0.000000, 1.000000, 0.000000)
      depth=0.000000
      penetrationDelta=-0.003369
      newPenetration=0.000000
    [depthUpdate]
      contact=3
      point=(-0.650000, 0.000000, -0.650000)
      normal=(0.000000, 1.000000, 0.000000)
      depth=0.000000
      penetrationDelta=0.006737
      newPenetration=0.000000
    [depthUpdate]
      contact=4
      point=(0.650000, 1.246101, 0.650000)
      normal=(-0.000000, -1.000000, -0.000000)
      depth=0.013475
      penetrationDelta=0.013475
      newPenetration=0.013475
  [adjustPositions] iteration=4
    [penetration]
      contact=4
      point=(0.650000, 1.246101, 0.650000)
      normal=(-0.000000, -1.000000, -0.000000)
      depth=0.013475
      basis=[-0.000000 0.000000 1.000000 | -1.000000 0.000000 -0.000000 | -0.000000 -1.000000 -0.000000]
      desiredDeltaVelocity=11.735729
      linearChange[0]=(-0.000000, -0.001684, -0.000000)
      linearChange[1]=(0.000000, 0.001684, 0.000000)
      angularChange[0]=(0.003887, 0.000000, -0.003887)
      angularChange[1]=(-0.003887, -0.000000, 0.003887)
    [depthUpdate]
      contact=0
      point=(0.650000, 0.000000, 0.650000)
      normal=(0.000000, 1.000000, 0.000000)
      depth=0.006737
      penetrationDelta=0.006737
      newPenetration=0.006737
    [depthUpdate]
      contact=1
      point=(-0.650000, 0.000000, 0.650000)
      normal=(0.000000, 1.000000, 0.000000)
      depth=0.001684
      penetrationDelta=0.001684
      newPenetration=0.001684
    [depthUpdate]
      contact=2
      point=(0.650000, 0.000000, -0.650000)
      normal=(0.000000, 1.000000, 0.000000)
      depth=0.001684
      penetrationDelta=0.001684
      newPenetration=0.001684
    [depthUpdate]
      contact=3
      point=(-0.650000, 0.000000, -0.650000)
      normal=(0.000000, 1.000000, 0.000000)
      depth=-0.003369
      penetrationDelta=-0.003369
      newPenetration=-0.003369
    [depthUpdate]
      contact=4
      point=(0.650000, 1.246101, 0.650000)
      normal=(-0.000000, -1.000000, -0.000000)
      depth=0.000000
      penetrationDelta=-0.013475
      newPenetration=0.000000
  [adjustPositions] iteration=5
  [adjustVelocities] iteration=0
    [velocityResolution]
      contact=4
      point=(0.650000, 1.246101, 0.650000)
      normal=(-0.000000, -1.000000, -0.000000)
      depth=0.000000
      basis=[-0.000000 0.000000 1.000000 | -1.000000 0.000000 -0.000000 | -0.000000 -1.000000 -0.000000]
      desiredDeltaVelocity=11.735729
      impulse=(0.383513, -14.681586, 0.383513)
      velocityChange[0]=(0.038351, -1.468159, 0.038351)
      velocityChange[1]=(-0.038351, 1.468159, -0.038351)
      rotationChange[0]=(3.469223, -0.000000, -3.469223)
      rotationChange[1]=(-3.299555, -0.000000, 3.299555)
    [desiredVelocityUpdate]
      contact=0
      point=(0.650000, 0.000000, 0.650000)
      normal=(0.000000, 1.000000, 0.000000)
      depth=0.006737
      contactVelocityDelta=(-5.978148, -2.216643, -2.216643)
      desiredDeltaVelocityOld=-0.000000
      desiredDeltaVelocityNew=7.173777
    [desiredVelocityUpdate]
      contact=1
      point=(-0.650000, 0.000000, 0.650000)
      normal=(0.000000, 1.000000, 0.000000)
      depth=0.001684
      contactVelocityDelta=(-1.468159, -2.216643, -2.216643)
      desiredDeltaVelocityOld=-0.000000
      desiredDeltaVelocityNew=1.761790
    [desiredVelocityUpdate]
      contact=2
      point=(0.650000, 0.000000, -0.650000)
      normal=(0.000000, 1.000000, 0.000000)
      depth=0.001684
      contactVelocityDelta=(-1.468159, -2.216643, -2.216643)
      desiredDeltaVelocityOld=-0.000000
      desiredDeltaVelocityNew=1.761790
    [desiredVelocityUpdate]
      contact=3
      point=(-0.650000, 0.000000, -0.650000)
      normal=(0.000000, 1.000000, 0.000000)
      depth=-0.003369
      contactVelocityDelta=(3.041831, -2.216643, -2.216643)
      desiredDeltaVelocityOld=-0.000000
      desiredDeltaVelocityNew=-3.650197
    [desiredVelocityUpdate]
      contact=4
      point=(0.650000, 1.246101, 0.650000)
      normal=(-0.000000, -1.000000, -0.000000)
      depth=0.000000
      contactVelocityDelta=(5.978148, -2.106360, 2.106360)
      desiredDeltaVelocityOld=11.735729
      desiredDeltaVelocityNew=4.561951
    [desiredVelocityUpdate]
      contact=4
      point=(0.650000, 1.246101, 0.650000)
      normal=(-0.000000, -1.000000, -0.000000)
      depth=0.000000
      contactVelocityDelta=(5.757581, 2.106360, -2.106360)
      desiredDeltaVelocityOld=4.561951
      desiredDeltaVelocityNew=-2.347146
  [adjustVelocities] iteration=1
    [velocityResolution]
      contact=0
      point=(0.650000, 0.000000, 0.650000)
      normal=(0.000000, 1.000000, 0.000000)
      depth=0.006737
      basis=[0.000000 0.000000 1.000000 | 1.000000 -0.000000 -0.000000 | 0.000000 1.000000 -0.000000]
      desiredDeltaVelocity=7.173777
      impulse=(-3.443805, 20.517297, -3.443805)
      velocityChange[0]=(-0.344380, 2.051730, -0.344380)
      velocityChange[1]=(-0.038351, 1.468159, -0.038351)
      rotationChange[0]=(-3.940037, -0.000000, 3.940037)
      rotationChange[1]=(-3.299555, -0.000000, 3.299555)
    [desiredVelocityUpdate]
      contact=0
      point=(0.650000, 0.000000, 0.650000)
      normal=(0.000000, 1.000000, 0.000000)
      depth=0.006737
      contactVelocityDelta=(7.173777, 2.216643, 2.216643)
      desiredDeltaVelocityOld=7.173777
      desiredDeltaVelocityNew=-1.434755
    [desiredVelocityUpdate]
      contact=1
      point=(-0.650000, 0.000000, 0.650000)
      normal=(0.000000, 1.000000, 0.000000)
      depth=0.001684
      contactVelocityDelta=(2.051730, 2.216643, 2.216643)
      desiredDeltaVelocityOld=1.761790
      desiredDeltaVelocityNew=-0.700285
    [desiredVelocityUpdate]
      contact=2
      point=(0.650000, 0.000000, -0.650000)
      normal=(0.000000, 1.000000, 0.000000)
      depth=0.001684
      contactVelocityDelta=(2.051730, 2.216643, 2.216643)
      desiredDeltaVelocityOld=1.761790
      desiredDeltaVelocityNew=-0.700285
    [desiredVelocityUpdate]
      contact=3
      point=(-0.650000, 0.000000, -0.650000)
      normal=(0.000000, 1.000000, 0.000000)
      depth=-0.003369
      contactVelocityDelta=(-3.070318, 2.216643, 2.216643)
      desiredDeltaVelocityOld=-3.650197
      desiredDeltaVelocityNew=0.028487
    [desiredVelocityUpdate]
      contact=4
      point=(0.650000, 1.246101, 0.650000)
      normal=(-0.000000, -1.000000, -0.000000)
      depth=0.000000
      contactVelocityDelta=(-7.173777, 2.693042, -2.693042)
      desiredDeltaVelocityOld=-2.347146
      desiredDeltaVelocityNew=6.261387
  [adjustVelocities] iteration=2
    [velocityResolution]
      contact=4
      point=(0.650000, 1.246101, 0.650000)
      normal=(-0.000000, -1.000000, -0.000000)
      depth=0.000000
      basis=[-0.000000 0.000000 1.000000 | -1.000000 0.000000 -0.000000 | -0.000000 -1.000000 -0.000000]
      desiredDeltaVelocity=6.261387
      impulse=(5.081460, -7.984744, 5.081460)
      velocityChange[0]=(0.508146, -0.798474, 0.508146)
      velocityChange[1]=(-0.508146, 0.798474, -0.508146)
      rotationChange[0]=(2.918041, 0.000000, -2.918041)
      rotationChange[1]=(-0.669989, -0.000000, 0.669989)
    [desiredVelocityUpdate]
      contact=0
      point=(0.650000, 0.000000, 0.650000)
      normal=(0.000000, 1.000000, 0.000000)
      depth=0.006737
      contactVelocityDelta=(-4.591928, -1.388581, -1.388581)
      desiredDeltaVelocityOld=-1.434755
      desiredDeltaVelocityNew=4.075558
    [desiredVelocityUpdate]
      contact=1
      point=(-0.650000, 0.000000, 0.650000)
      normal=(0.000000, 1.000000, 0.000000)
      depth=0.001684
      contactVelocityDelta=(-0.798474, -1.388581, -1.388581)
      desiredDeltaVelocityOld=-0.700285
      desiredDeltaVelocityNew=0.214903
    [desiredVelocityUpdate]
      contact=2
      point=(0.650000, 0.000000, -0.650000)
      normal=(0.000000, 1.000000, 0.000000)
      depth=0.001684
      contactVelocityDelta=(-0.798474, -1.388581, -1.388581)
      desiredDeltaVelocityOld=-0.700285
      desiredDeltaVelocityNew=0.214903
    [desiredVelocityUpdate]
      contact=3
      point=(-0.650000, 0.000000, -0.650000)
      normal=(0.000000, 1.000000, 0.000000)
      depth=-0.003369
      contactVelocityDelta=(2.994979, -1.388581, -1.388581)
      desiredDeltaVelocityOld=0.028487
      desiredDeltaVelocityNew=-3.559790
    [desiredVelocityUpdate]
      contact=4
      point=(0.650000, 1.246101, 0.650000)
      normal=(-0.000000, -1.000000, -0.000000)
      depth=0.000000
      contactVelocityDelta=(4.591928, -2.247594, 2.247594)
      desiredDeltaVelocityOld=6.261387
      desiredDeltaVelocityNew=0.751074
    [desiredVelocityUpdate]
      contact=4
      point=(0.650000, 1.246101, 0.650000)
      normal=(-0.000000, -1.000000, -0.000000)
      depth=0.000000
      contactVelocityDelta=(1.669460, -0.072653, 0.072653)
      desiredDeltaVelocityOld=0.751074
      desiredDeltaVelocityNew=-1.252277
  [adjustVelocities] iteration=3
    [velocityResolution]
      contact=0
      point=(0.650000, 0.000000, 0.650000)
      normal=(0.000000, 1.000000, 0.000000)
      depth=0.006737
      basis=[0.000000 0.000000 1.000000 | 1.000000 -0.000000 -0.000000 | 0.000000 1.000000 -0.000000]
      desiredDeltaVelocity=4.075558
      impulse=(-1.016389, 10.951186, -1.016389)
      velocityChange[0]=(-0.101639, 1.095119, -0.101639)
      velocityChange[1]=(-0.508146, 0.798474, -0.508146)
      rotationChange[0]=(-2.292646, 0.000000, 2.292646)
      rotationChange[1]=(-0.669989, -0.000000, 0.669989)
    [desiredVelocityUpdate]
      contact=0
      point=(0.650000, 0.000000, 0.650000)
      normal=(0.000000, 1.000000, 0.000000)
      depth=0.006737
      contactVelocityDelta=(4.075558, 1.388581, 1.388581)
      desiredDeltaVelocityOld=4.075558
      desiredDeltaVelocityNew=-0.815112
    [desiredVelocityUpdate]
      contact=1
      point=(-0.650000, 0.000000, 0.650000)
      normal=(0.000000, 1.000000, 0.000000)
      depth=0.001684
      contactVelocityDelta=(1.095119, 1.388581, 1.388581)
      desiredDeltaVelocityOld=0.214903
      desiredDeltaVelocityNew=-1.056258
    [desiredVelocityUpdate]
      contact=2
      point=(0.650000, 0.000000, -0.650000)
      normal=(0.000000, 1.000000, 0.000000)
      depth=0.001684
      contactVelocityDelta=(1.095119, 1.388581, 1.388581)
      desiredDeltaVelocityOld=0.214903
      desiredDeltaVelocityNew=-1.056258
    [desiredVelocityUpdate]
      contact=3
      point=(-0.650000, 0.000000, -0.650000)
      normal=(0.000000, 1.000000, 0.000000)
      depth=-0.003369
      contactVelocityDelta=(-1.885321, 1.388581, 1.388581)
      desiredDeltaVelocityOld=-3.559790
      desiredDeltaVelocityNew=-1.297405
    [desiredVelocityUpdate]
      contact=4
      point=(0.650000, 1.246101, 0.650000)
      normal=(-0.000000, -1.000000, -0.000000)
      depth=0.000000
      contactVelocityDelta=(-4.075558, 1.468288, -1.468288)
      desiredDeltaVelocityOld=-1.252277
      desiredDeltaVelocityNew=3.638392
  [adjustVelocities] iteration=4
    [velocityResolution]
      contact=4
      point=(0.650000, 1.246101, 0.650000)
      normal=(-0.000000, -1.000000, -0.000000)
      depth=0.000000
      basis=[-0.000000 0.000000 1.000000 | -1.000000 0.000000 -0.000000 | -0.000000 -1.000000 -0.000000]
      desiredDeltaVelocity=3.638392
      impulse=(2.952755, -4.639807, 2.952755)
      velocityChange[0]=(0.295275, -0.463981, 0.295275)
      velocityChange[1]=(-0.295275, 0.463981, -0.295275)
      rotationChange[0]=(1.695627, 0.000000, -1.695627)
      rotationChange[1]=(-0.389320, -0.000000, 0.389320)
    [desiredVelocityUpdate]
      contact=0
      point=(0.650000, 0.000000, 0.650000)
      normal=(0.000000, 1.000000, 0.000000)
      depth=0.006737
      contactVelocityDelta=(-2.668296, -0.806882, -0.806882)
      desiredDeltaVelocityOld=-0.815112
      desiredDeltaVelocityNew=2.386843
    [desiredVelocityUpdate]
      contact=1
      point=(-0.650000, 0.000000, 0.650000)
      normal=(0.000000, 1.000000, 0.000000)
      depth=0.001684
      contactVelocityDelta=(-0.463981, -0.806882, -0.806882)
      desiredDeltaVelocityOld=-1.056258
      desiredDeltaVelocityNew=-0.499482
    [desiredVelocityUpdate]
      contact=2
      point=(0.650000, 0.000000, -0.650000)
      normal=(0.000000, 1.000000, 0.000000)
      depth=0.001684
      contactVelocityDelta=(-0.463981, -0.806882, -0.806882)
      desiredDeltaVelocityOld=-1.056258
      desiredDeltaVelocityNew=-0.499482
    [desiredVelocityUpdate]
      contact=3
      point=(-0.650000, 0.000000, -0.650000)
      normal=(0.000000, 1.000000, 0.000000)
      depth=-0.003369
      contactVelocityDelta=(1.740334, -0.806882, -0.806882)
      desiredDeltaVelocityOld=-1.297405
      desiredDeltaVelocityNew=-3.385806
    [desiredVelocityUpdate]
      contact=4
      point=(0.650000, 1.246101, 0.650000)
      normal=(-0.000000, -1.000000, -0.000000)
      depth=0.000000
      contactVelocityDelta=(2.668296, -1.306041, 1.306041)
      desiredDeltaVelocityOld=3.638392
      desiredDeltaVelocityNew=0.436437
    [desiredVelocityUpdate]
      contact=4
      point=(0.650000, 1.246101, 0.650000)
      normal=(-0.000000, -1.000000, -0.000000)
      depth=0.000000
      contactVelocityDelta=(0.970096, -0.042218, 0.042218)
      desiredDeltaVelocityOld=0.436437
      desiredDeltaVelocityNew=-0.727678
  [adjustVelocities] iteration=5
    [velocityResolution]
      contact=0
      point=(0.650000, 0.000000, 0.650000)
      normal=(0.000000, 1.000000, 0.000000)
      depth=0.006737
      basis=[0.000000 0.000000 1.000000 | 1.000000 -0.000000 -0.000000 | 0.000000 1.000000 -0.000000]
      desiredDeltaVelocity=2.386843
      impulse=(-0.641340, 6.448113, -0.641340)
      velocityChange[0]=(-0.064134, 0.644811, -0.064134)
      velocityChange[1]=(-0.295275, 0.463981, -0.295275)
      rotationChange[0]=(-1.340025, -0.000000, 1.340025)
      rotationChange[1]=(-0.389320, -0.000000, 0.389320)
    [desiredVelocityUpdate]
      contact=0
      point=(0.650000, 0.000000, 0.650000)
      normal=(0.000000, 1.000000, 0.000000)
      depth=0.006737
      contactVelocityDelta=(2.386843, 0.806882, 0.806882)
      desiredDeltaVelocityOld=2.386843
      desiredDeltaVelocityNew=-0.477369
    [desiredVelocityUpdate]
      contact=1
      point=(-0.650000, 0.000000, 0.650000)
      normal=(0.000000, 1.000000, 0.000000)
      depth=0.001684
      contactVelocityDelta=(0.644811, 0.806882, 0.806882)
      desiredDeltaVelocityOld=-0.499482
      desiredDeltaVelocityNew=-1.273255
    [desiredVelocityUpdate]
      contact=2
      point=(0.650000, 0.000000, -0.650000)
      normal=(0.000000, 1.000000, 0.000000)
      depth=0.001684
      contactVelocityDelta=(0.644811, 0.806882, 0.806882)
      desiredDeltaVelocityOld=-0.499482
      desiredDeltaVelocityNew=-1.273255
    [desiredVelocityUpdate]
      contact=3
      point=(-0.650000, 0.000000, -0.650000)
      normal=(0.000000, 1.000000, 0.000000)
      depth=-0.003369
      contactVelocityDelta=(-1.097221, 0.806882, 0.806882)
      desiredDeltaVelocityOld=-3.385806
      desiredDeltaVelocityNew=-2.069142
    [desiredVelocityUpdate]
      contact=4
      point=(0.650000, 1.246101, 0.650000)
      normal=(-0.000000, -1.000000, -0.000000)
      depth=0.000000
      contactVelocityDelta=(-2.386843, 0.862925, -0.862925)
      desiredDeltaVelocityOld=-0.727678
      desiredDeltaVelocityNew=2.136534
  [adjustVelocities] iteration=6
    [velocityResolution]
      contact=4
      point=(0.650000, 1.246101, 0.650000)
      normal=(-0.000000, -1.000000, -0.000000)
      depth=0.000000
      basis=[-0.000000 0.000000 1.000000 | -1.000000 0.000000 -0.000000 | -0.000000 -1.000000 -0.000000]
      desiredDeltaVelocity=2.136534
      impulse=(1.733914, -2.724583, 1.733914)
      velocityChange[0]=(0.173391, -0.272458, 0.173391)
      velocityChange[1]=(-0.173391, 0.272458, -0.173391)
      rotationChange[0]=(0.995705, 0.000000, -0.995705)
      rotationChange[1]=(-0.228616, -0.000000, 0.228616)
    [desiredVelocityUpdate]
      contact=0
      point=(0.650000, 0.000000, 0.650000)
      normal=(0.000000, 1.000000, 0.000000)
      depth=0.006737
      contactVelocityDelta=(-1.566874, -0.473817, -0.473817)
      desiredDeltaVelocityOld=-0.477369
      desiredDeltaVelocityNew=1.402881
    [desiredVelocityUpdate]
      contact=1
      point=(-0.650000, 0.000000, 0.650000)
      normal=(0.000000, 1.000000, 0.000000)
      depth=0.001684
      contactVelocityDelta=(-0.272458, -0.473817, -0.473817)
      desiredDeltaVelocityOld=-1.273255
      desiredDeltaVelocityNew=-0.946305
    [desiredVelocityUpdate]
      contact=2
      point=(0.650000, 0.000000, -0.650000)
      normal=(0.000000, 1.000000, 0.000000)
      depth=0.001684
      contactVelocityDelta=(-0.272458, -0.473817, -0.473817)
      desiredDeltaVelocityOld=-1.273255
      desiredDeltaVelocityNew=-0.946305
    [desiredVelocityUpdate]
      contact=3
      point=(-0.650000, 0.000000, -0.650000)
      normal=(0.000000, 1.000000, 0.000000)
      depth=-0.003369
      contactVelocityDelta=(1.021958, -0.473817, -0.473817)
      desiredDeltaVelocityOld=-2.069142
      desiredDeltaVelocityNew=-3.295491
    [desiredVelocityUpdate]
      contact=4
      point=(0.650000, 1.246101, 0.650000)
      normal=(-0.000000, -1.000000, -0.000000)
      depth=0.000000
      contactVelocityDelta=(1.566874, -0.766932, 0.766932)
      desiredDeltaVelocityOld=2.136534
      desiredDeltaVelocityNew=0.227195
    [desiredVelocityUpdate]
      contact=4
      point=(0.650000, 1.246101, 0.650000)
      normal=(-0.000000, -1.000000, -0.000000)
      depth=0.000000
      contactVelocityDelta=(0.569659, -0.024791, 0.024791)
      desiredDeltaVelocityOld=0.227195
      desiredDeltaVelocityNew=-0.427307
  [adjustVelocities] iteration=7
    [velocityResolution]
      contact=0
      point=(0.650000, 0.000000, 0.650000)
      normal=(0.000000, 1.000000, 0.000000)
      depth=0.006737
      basis=[0.000000 0.000000 1.000000 | 1.000000 -0.000000 -0.000000 | 0.000000 1.000000 -0.000000]
      desiredDeltaVelocity=1.402881
      impulse=(-0.380099, 3.792276, -0.380099)
      velocityChange[0]=(-0.038010, 0.379228, -0.038010)
      velocityChange[1]=(-0.173391, 0.272458, -0.173391)
      rotationChange[0]=(-0.787425, -0.000000, 0.787425)
      rotationChange[1]=(-0.228616, -0.000000, 0.228616)
    [desiredVelocityUpdate]
      contact=0
      point=(0.650000, 0.000000, 0.650000)
      normal=(0.000000, 1.000000, 0.000000)
      depth=0.006737
      contactVelocityDelta=(1.402881, 0.473817, 0.473817)
      desiredDeltaVelocityOld=1.402881
      desiredDeltaVelocityNew=-0.233813
    [desiredVelocityUpdate]
      contact=1
      point=(-0.650000, 0.000000, 0.650000)
      normal=(0.000000, 1.000000, 0.000000)
      depth=0.001684
      contactVelocityDelta=(0.379228, 0.473817, 0.473817)
      desiredDeltaVelocityOld=-0.946305
      desiredDeltaVelocityNew=-1.401378
    [desiredVelocityUpdate]
      contact=2
      point=(0.650000, 0.000000, -0.650000)
      normal=(0.000000, 1.000000, 0.000000)
      depth=0.001684
      contactVelocityDelta=(0.379228, 0.473817, 0.473817)
      desiredDeltaVelocityOld=-0.946305
      desiredDeltaVelocityNew=-1.401378
    [desiredVelocityUpdate]
      contact=3
      point=(-0.650000, 0.000000, -0.650000)
      normal=(0.000000, 1.000000, 0.000000)
      depth=-0.003369
      contactVelocityDelta=(-0.644425, 0.473817, 0.473817)
      desiredDeltaVelocityOld=-3.295491
      desiredDeltaVelocityNew=-2.522180
    [desiredVelocityUpdate]
      contact=4
      point=(0.650000, 1.246101, 0.650000)
      normal=(-0.000000, -1.000000, -0.000000)
      depth=0.000000
      contactVelocityDelta=(-1.402881, 0.507395, -0.507395)
      desiredDeltaVelocityOld=-0.427307
      desiredDeltaVelocityNew=1.256150
  [adjustVelocities] iteration=8
    [velocityResolution]
      contact=4
      point=(0.650000, 1.246101, 0.650000)
      normal=(-0.000000, -1.000000, -0.000000)
      depth=0.000000
      basis=[-0.000000 0.000000 1.000000 | -1.000000 0.000000 -0.000000 | -0.000000 -1.000000 -0.000000]
      desiredDeltaVelocity=1.256150
      impulse=(1.019435, -1.601887, 1.019435)
      velocityChange[0]=(0.101943, -0.160189, 0.101943)
      velocityChange[1]=(-0.101943, 0.160189, -0.101943)
      rotationChange[0]=(0.585413, -0.000000, -0.585413)
      rotationChange[1]=(-0.134412, -0.000000, 0.134412)
    [desiredVelocityUpdate]
      contact=0
      point=(0.650000, 0.000000, 0.650000)
      normal=(0.000000, 1.000000, 0.000000)
      depth=0.006737
      contactVelocityDelta=(-0.921226, -0.278575, -0.278575)
      desiredDeltaVelocityOld=-0.233813
      desiredDeltaVelocityNew=0.824895
    [desiredVelocityUpdate]
      contact=1
      point=(-0.650000, 0.000000, 0.650000)
      normal=(0.000000, 1.000000, 0.000000)
      depth=0.001684
      contactVelocityDelta=(-0.160189, -0.278575, -0.278575)
      desiredDeltaVelocityOld=-1.401378
      desiredDeltaVelocityNew=-1.209152
    [desiredVelocityUpdate]
      contact=2
      point=(0.650000, 0.000000, -0.650000)
      normal=(0.000000, 1.000000, 0.000000)
      depth=0.001684
      contactVelocityDelta=(-0.160189, -0.278575, -0.278575)
      desiredDeltaVelocityOld=-1.401378
      desiredDeltaVelocityNew=-1.209152
    [desiredVelocityUpdate]
      contact=3
      point=(-0.650000, 0.000000, -0.650000)
      normal=(0.000000, 1.000000, 0.000000)
      depth=-0.003369
      contactVelocityDelta=(0.600848, -0.278575, -0.278575)
      desiredDeltaVelocityOld=-2.522180
      desiredDeltaVelocityNew=-3.243198
    [desiredVelocityUpdate]
      contact=4
      point=(0.650000, 1.246101, 0.650000)
      normal=(-0.000000, -1.000000, -0.000000)
      depth=0.000000
      contactVelocityDelta=(0.921226, -0.450909, 0.450909)
      desiredDeltaVelocityOld=1.256150
      desiredDeltaVelocityNew=0.139191
    [desiredVelocityUpdate]
      contact=4
      point=(0.650000, 1.246101, 0.650000)
      normal=(-0.000000, -1.000000, -0.000000)
      depth=0.000000
      contactVelocityDelta=(0.334924, -0.014576, 0.014576)
      desiredDeltaVelocityOld=0.139191
      desiredDeltaVelocityNew=-0.195733
  [adjustVelocities] iteration=9
    [velocityResolution]
      contact=0
      point=(0.650000, 0.000000, 0.650000)
      normal=(0.000000, 1.000000, 0.000000)
      depth=0.006737
      basis=[0.000000 0.000000 1.000000 | 1.000000 -0.000000 -0.000000 | 0.000000 1.000000 -0.000000]
      desiredDeltaVelocity=0.824895
      impulse=(-0.223713, 2.230021, -0.223713)
      velocityChange[0]=(-0.022371, 0.223002, -0.022371)
      velocityChange[1]=(-0.101943, 0.160189, -0.101943)
      rotationChange[0]=(-0.462994, -0.000000, 0.462994)
      rotationChange[1]=(-0.134412, -0.000000, 0.134412)
    [desiredVelocityUpdate]
      contact=0
      point=(0.650000, 0.000000, 0.650000)
      normal=(0.000000, 1.000000, 0.000000)
      depth=0.006737
      contactVelocityDelta=(0.824895, 0.278575, 0.278575)
      desiredDeltaVelocityOld=0.824895
      desiredDeltaVelocityNew=-0.137482
    [desiredVelocityUpdate]
      contact=1
      point=(-0.650000, 0.000000, 0.650000)
      normal=(0.000000, 1.000000, 0.000000)
      depth=0.001684
      contactVelocityDelta=(0.223002, 0.278575, 0.278575)
      desiredDeltaVelocityOld=-1.209152
      desiredDeltaVelocityNew=-1.476754
    [desiredVelocityUpdate]
      contact=2
      point=(0.650000, 0.000000, -0.650000)
      normal=(0.000000, 1.000000, 0.000000)
      depth=0.001684
      contactVelocityDelta=(0.223002, 0.278575, 0.278575)
      desiredDeltaVelocityOld=-1.209152
      desiredDeltaVelocityNew=-1.476754
    [desiredVelocityUpdate]
      contact=3
      point=(-0.650000, 0.000000, -0.650000)
      normal=(0.000000, 1.000000, 0.000000)
      depth=-0.003369
      contactVelocityDelta=(-0.378890, 0.278575, 0.278575)
      desiredDeltaVelocityOld=-3.243198
      desiredDeltaVelocityNew=-2.788530
    [desiredVelocityUpdate]
      contact=4
      point=(0.650000, 1.246101, 0.650000)
      normal=(-0.000000, -1.000000, -0.000000)
      depth=0.000000
      contactVelocityDelta=(-0.824895, 0.298363, -0.298363)
      desiredDeltaVelocityOld=-0.195733
      desiredDeltaVelocityNew=0.738644
  [adjustVelocities] iteration=10
    [velocityResolution]
      contact=4
      point=(0.650000, 1.246101, 0.650000)
      normal=(-0.000000, -1.000000, -0.000000)
      depth=0.000000
      basis=[-0.000000 0.000000 1.000000 | -1.000000 0.000000 -0.000000 | -0.000000 -1.000000 -0.000000]
      desiredDeltaVelocity=0.738644
      impulse=(0.599450, -0.941944, 0.599450)
      velocityChange[0]=(0.059945, -0.094194, 0.059945)
      velocityChange[1]=(-0.059945, 0.094194, -0.059945)
      rotationChange[0]=(0.344236, -0.000000, -0.344236)
      rotationChange[1]=(-0.079037, -0.000000, 0.079037)
    [desiredVelocityUpdate]
      contact=0
      point=(0.650000, 0.000000, 0.650000)
      normal=(0.000000, 1.000000, 0.000000)
      depth=0.006737
      contactVelocityDelta=(-0.541701, -0.163808, -0.163808)
      desiredDeltaVelocityOld=-0.137482
      desiredDeltaVelocityNew=0.485062
    [desiredVelocityUpdate]
      contact=1
      point=(-0.650000, 0.000000, 0.650000)
      normal=(0.000000, 1.000000, 0.000000)
      depth=0.001684
      contactVelocityDelta=(-0.094194, -0.163808, -0.163808)
      desiredDeltaVelocityOld=-1.476754
      desiredDeltaVelocityNew=-1.363721
    [desiredVelocityUpdate]
      contact=2
      point=(0.650000, 0.000000, -0.650000)
      normal=(0.000000, 1.000000, 0.000000)
      depth=0.001684
      contactVelocityDelta=(-0.094194, -0.163808, -0.163808)
      desiredDeltaVelocityOld=-1.476754
      desiredDeltaVelocityNew=-1.363721
    [desiredVelocityUpdate]
      contact=3
      point=(-0.650000, 0.000000, -0.650000)
      normal=(0.000000, 1.000000, 0.000000)
      depth=-0.003369
      contactVelocityDelta=(0.353312, -0.163808, -0.163808)
      desiredDeltaVelocityOld=-2.788530
      desiredDeltaVelocityNew=-3.212504
    [desiredVelocityUpdate]
      contact=4
      point=(0.650000, 1.246101, 0.650000)
      normal=(-0.000000, -1.000000, -0.000000)
      depth=0.000000
      contactVelocityDelta=(0.541701, -0.265144, 0.265144)
      desiredDeltaVelocityOld=0.738644
      desiredDeltaVelocityNew=0.087461
    [desiredVelocityUpdate]
      contact=4
      point=(0.650000, 1.246101, 0.650000)
      normal=(-0.000000, -1.000000, -0.000000)
      depth=0.000000
      contactVelocityDelta=(0.196943, -0.008571, 0.008571)
      desiredDeltaVelocityOld=0.087461
      desiredDeltaVelocityNew=-0.109482
  [adjustVelocities] iteration=11
    [velocityResolution]
      contact=0
      point=(0.650000, 0.000000, 0.650000)
      normal=(0.000000, 1.000000, 0.000000)
      depth=0.006737
      basis=[0.000000 0.000000 1.000000 | 1.000000 -0.000000 -0.000000 | 0.000000 1.000000 -0.000000]
      desiredDeltaVelocity=0.485062
      impulse=(-0.131564, 1.311328, -0.131564)
      velocityChange[0]=(-0.013156, 0.131133, -0.013156)
      velocityChange[1]=(-0.059945, 0.094194, -0.059945)
      rotationChange[0]=(-0.272253, 0.000000, 0.272253)
      rotationChange[1]=(-0.079037, -0.000000, 0.079037)
    [desiredVelocityUpdate]
      contact=0
      point=(0.650000, 0.000000, 0.650000)
      normal=(0.000000, 1.000000, 0.000000)
      depth=0.006737
      contactVelocityDelta=(0.485062, 0.163808, 0.163808)
      desiredDeltaVelocityOld=0.485062
      desiredDeltaVelocityNew=-0.080844
    [desiredVelocityUpdate]
      contact=1
      point=(-0.650000, 0.000000, 0.650000)
      normal=(0.000000, 1.000000, 0.000000)
      depth=0.001684
      contactVelocityDelta=(0.131133, 0.163808, 0.163808)
      desiredDeltaVelocityOld=-1.363721
      desiredDeltaVelocityNew=-1.521080
    [desiredVelocityUpdate]
      contact=2
      point=(0.650000, 0.000000, -0.650000)
      normal=(0.000000, 1.000000, 0.000000)
      depth=0.001684
      contactVelocityDelta=(0.131133, 0.163808, 0.163808)
      desiredDeltaVelocityOld=-1.363721
      desiredDeltaVelocityNew=-1.521080
    [desiredVelocityUpdate]
      contact=3
      point=(-0.650000, 0.000000, -0.650000)
      normal=(0.000000, 1.000000, 0.000000)
      depth=-0.003369
      contactVelocityDelta=(-0.222796, 0.163808, 0.163808)
      desiredDeltaVelocityOld=-3.212504
      desiredDeltaVelocityNew=-2.945148
    [desiredVelocityUpdate]
      contact=4
      point=(0.650000, 1.246101, 0.650000)
      normal=(-0.000000, -1.000000, -0.000000)
      depth=0.000000
      contactVelocityDelta=(-0.485062, 0.175447, -0.175447)
      desiredDeltaVelocityOld=-0.109482
      desiredDeltaVelocityNew=0.434346
  [adjustVelocities] iteration=12
    [velocityResolution]
      contact=4
      point=(0.650000, 1.246101, 0.650000)
      normal=(-0.000000, -1.000000, -0.000000)
      depth=0.000000
      basis=[-0.000000 0.000000 1.000000 | -1.000000 0.000000 -0.000000 | -0.000000 -1.000000 -0.000000]
      desiredDeltaVelocity=0.434346
      impulse=(0.352495, -0.553893, 0.352495)
      velocityChange[0]=(0.035250, -0.055389, 0.035250)
      velocityChange[1]=(-0.035250, 0.055389, -0.035250)
      rotationChange[0]=(0.202421, 0.000000, -0.202421)
      rotationChange[1]=(-0.046476, 0.000000, 0.046476)
    [desiredVelocityUpdate]
      contact=0
      point=(0.650000, 0.000000, 0.650000)
      normal=(0.000000, 1.000000, 0.000000)
      depth=0.006737
      contactVelocityDelta=(-0.318537, -0.096324, -0.096324)
      desiredDeltaVelocityOld=-0.080844
      desiredDeltaVelocityNew=0.237693
    [desiredVelocityUpdate]
      contact=1
      point=(-0.650000, 0.000000, 0.650000)
      normal=(0.000000, 1.000000, 0.000000)
      depth=0.001684
      contactVelocityDelta=(-0.055389, -0.096324, -0.096324)
      desiredDeltaVelocityOld=-1.521080
      desiredDeltaVelocityNew=-1.454613
    [desiredVelocityUpdate]
      contact=2
      point=(0.650000, 0.000000, -0.650000)
      normal=(0.000000, 1.000000, 0.000000)
      depth=0.001684
      contactVelocityDelta=(-0.055389, -0.096324, -0.096324)
      desiredDeltaVelocityOld=-1.521080
      desiredDeltaVelocityNew=-1.454613
    [desiredVelocityUpdate]
      contact=3
      point=(-0.650000, 0.000000, -0.650000)
      normal=(0.000000, 1.000000, 0.000000)
      depth=-0.003369
      contactVelocityDelta=(0.207758, -0.096324, -0.096324)
      desiredDeltaVelocityOld=-2.945148
      desiredDeltaVelocityNew=-3.194458
    [desiredVelocityUpdate]
      contact=4
      point=(0.650000, 1.246101, 0.650000)
      normal=(-0.000000, -1.000000, -0.000000)
      depth=0.000000
      contactVelocityDelta=(0.318537, -0.155913, 0.155913)
      desiredDeltaVelocityOld=0.434346
      desiredDeltaVelocityNew=0.057043
    [desiredVelocityUpdate]
      contact=4
      point=(0.650000, 1.246101, 0.650000)
      normal=(-0.000000, -1.000000, -0.000000)
      depth=0.000000
      contactVelocityDelta=(0.115809, -0.005040, 0.005040)
      desiredDeltaVelocityOld=0.057043
      desiredDeltaVelocityNew=-0.058766
  [adjustVelocities] iteration=13
    [velocityResolution]
      contact=0
      point=(0.650000, 0.000000, 0.650000)
      normal=(0.000000, 1.000000, 0.000000)
      depth=0.006737
      basis=[0.000000 0.000000 1.000000 | 1.000000 -0.000000 -0.000000 | 0.000000 1.000000 -0.000000]
      desiredDeltaVelocity=0.237693
      impulse=(0.052286, 0.555019, 0.052286)
      velocityChange[0]=(0.005229, 0.055502, 0.005229)
      velocityChange[1]=(-0.035250, 0.055389, -0.035250)
      rotationChange[0]=(-0.140147, -0.000000, 0.140147)
      rotationChange[1]=(-0.046476, 0.000000, 0.046476)
    [desiredVelocityUpdate]
      contact=0
      point=(0.650000, 0.000000, 0.650000)
      normal=(0.000000, 1.000000, 0.000000)
      depth=0.006737
      contactVelocityDelta=(0.237693, 0.096324, 0.096324)
      desiredDeltaVelocityOld=0.237693
      desiredDeltaVelocityNew=0.000000
    [desiredVelocityUpdate]
      contact=1
      point=(-0.650000, 0.000000, 0.650000)
      normal=(0.000000, 1.000000, 0.000000)
      depth=0.001684
      contactVelocityDelta=(0.055502, 0.096324, 0.096324)
      desiredDeltaVelocityOld=-1.454613
      desiredDeltaVelocityNew=-1.521215
    [desiredVelocityUpdate]
      contact=2
      point=(0.650000, 0.000000, -0.650000)
      normal=(0.000000, 1.000000, 0.000000)
      depth=0.001684
      contactVelocityDelta=(0.055502, 0.096324, 0.096324)
      desiredDeltaVelocityOld=-1.454613
      desiredDeltaVelocityNew=-1.521215
    [desiredVelocityUpdate]
      contact=3
      point=(-0.650000, 0.000000, -0.650000)
      normal=(0.000000, 1.000000, 0.000000)
      depth=-0.003369
      contactVelocityDelta=(-0.126690, 0.096324, 0.096324)
      desiredDeltaVelocityOld=-3.194458
      desiredDeltaVelocityNew=-3.042431
    [desiredVelocityUpdate]
      contact=4
      point=(0.650000, 1.246101, 0.650000)
      normal=(-0.000000, -1.000000, -0.000000)
      depth=0.000000
      contactVelocityDelta=(-0.237693, 0.078313, -0.078313)
      desiredDeltaVelocityOld=-0.058766
      desiredDeltaVelocityNew=0.178927
  [adjustVelocities] iteration=14
    [velocityResolution]
      contact=4
      point=(0.650000, 1.246101, 0.650000)
      normal=(-0.000000, -1.000000, -0.000000)
      depth=0.000000
      basis=[-0.000000 0.000000 1.000000 | -1.000000 0.000000 -0.000000 | -0.000000 -1.000000 -0.000000]
      desiredDeltaVelocity=0.178927
      impulse=(0.145209, -0.228175, 0.145209)
      velocityChange[0]=(0.014521, -0.022817, 0.014521)
      velocityChange[1]=(-0.014521, 0.022817, -0.014521)
      rotationChange[0]=(0.083387, -0.000000, -0.083387)
      rotationChange[1]=(-0.019146, 0.000000, 0.019146)
    [desiredVelocityUpdate]
      contact=0
      point=(0.650000, 0.000000, 0.650000)
      normal=(0.000000, 1.000000, 0.000000)
      depth=0.006737
      contactVelocityDelta=(-0.131220, -0.039681, -0.039681)
      desiredDeltaVelocityOld=0.000000
      desiredDeltaVelocityNew=0.131220
    [desiredVelocityUpdate]
      contact=1
      point=(-0.650000, 0.000000, 0.650000)
      normal=(0.000000, 1.000000, 0.000000)
      depth=0.001684
      contactVelocityDelta=(-0.022817, -0.039681, -0.039681)
      desiredDeltaVelocityOld=-1.521215
      desiredDeltaVelocityNew=-1.493834
    [desiredVelocityUpdate]
      contact=2
      point=(0.650000, 0.000000, -0.650000)
      normal=(0.000000, 1.000000, 0.000000)
      depth=0.001684
      contactVelocityDelta=(-0.022817, -0.039681, -0.039681)
      desiredDeltaVelocityOld=-1.521215
      desiredDeltaVelocityNew=-1.493834
    [desiredVelocityUpdate]
      contact=3
      point=(-0.650000, 0.000000, -0.650000)
      normal=(0.000000, 1.000000, 0.000000)
      depth=-0.003369
      contactVelocityDelta=(0.085585, -0.039681, -0.039681)
      desiredDeltaVelocityOld=-3.042431
      desiredDeltaVelocityNew=-3.145133
    [desiredVelocityUpdate]
      contact=4
      point=(0.650000, 1.246101, 0.650000)
      normal=(-0.000000, -1.000000, -0.000000)
      depth=0.000000
      contactVelocityDelta=(0.131220, -0.064228, 0.064228)
      desiredDeltaVelocityOld=0.178927
      desiredDeltaVelocityNew=0.047707
    [desiredVelocityUpdate]
      contact=4
      point=(0.650000, 1.246101, 0.650000)
      normal=(-0.000000, -1.000000, -0.000000)
      depth=0.000000
      contactVelocityDelta=(0.047707, -0.002076, 0.002076)
      desiredDeltaVelocityOld=0.047707
      desiredDeltaVelocityNew=0.000000
  [adjustVelocities] iteration=15
    [velocityResolution]
      contact=0
      point=(0.650000, 0.000000, 0.650000)
      normal=(0.000000, 1.000000, 0.000000)
      depth=0.006737
      basis=[0.000000 0.000000 1.000000 | 1.000000 -0.000000 -0.000000 | 0.000000 1.000000 -0.000000]
      desiredDeltaVelocity=0.131220
      impulse=(-0.069288, 0.380017, -0.069288)
      velocityChange[0]=(-0.006929, 0.038002, -0.006929)
      velocityChange[1]=(-0.014521, 0.022817, -0.014521)
      rotationChange[0]=(-0.071707, 0.000000, 0.071707)
      rotationChange[1]=(-0.019146, 0.000000, 0.019146)
    [desiredVelocityUpdate]
      contact=0
      point=(0.650000, 0.000000, 0.650000)
      normal=(0.000000, 1.000000, 0.000000)
      depth=0.006737
      contactVelocityDelta=(0.131220, 0.039681, 0.039681)
      desiredDeltaVelocityOld=0.131220
      desiredDeltaVelocityNew=0.000000
    [desiredVelocityUpdate]
      contact=1
      point=(-0.650000, 0.000000, 0.650000)
      normal=(0.000000, 1.000000, 0.000000)
      depth=0.001684
      contactVelocityDelta=(0.038002, 0.039681, 0.039681)
      desiredDeltaVelocityOld=-1.493834
      desiredDeltaVelocityNew=-1.539437
    [desiredVelocityUpdate]
      contact=2
      point=(0.650000, 0.000000, -0.650000)
      normal=(0.000000, 1.000000, 0.000000)
      depth=0.001684
      contactVelocityDelta=(0.038002, 0.039681, 0.039681)
      desiredDeltaVelocityOld=-1.493834
      desiredDeltaVelocityNew=-1.539437
    [desiredVelocityUpdate]
      contact=3
      point=(-0.650000, 0.000000, -0.650000)
      normal=(0.000000, 1.000000, 0.000000)
      depth=-0.003369
      contactVelocityDelta=(-0.055217, 0.039681, 0.039681)
      desiredDeltaVelocityOld=-3.145133
      desiredDeltaVelocityNew=-3.078873
    [desiredVelocityUpdate]
      contact=4
      point=(0.650000, 1.246101, 0.650000)
      normal=(-0.000000, -1.000000, -0.000000)
      depth=0.000000
      contactVelocityDelta=(-0.131220, 0.049673, -0.049673)
      desiredDeltaVelocityOld=0.000000
      desiredDeltaVelocityNew=0.131220
  [adjustVelocities] iteration=16
    [velocityResolution]
      contact=4
      point=(0.650000, 1.246101, 0.650000)
      normal=(-0.000000, -1.000000, -0.000000)
      depth=0.000000
      basis=[-0.000000 0.000000 1.000000 | -1.000000 0.000000 -0.000000 | -0.000000 -1.000000 -0.000000]
      desiredDeltaVelocity=0.131220
      impulse=(0.106493, -0.167337, 0.106493)
      velocityChange[0]=(0.010649, -0.016734, 0.010649)
      velocityChange[1]=(-0.010649, 0.016734, -0.010649)
      rotationChange[0]=(0.061154, -0.000000, -0.061154)
      rotationChange[1]=(-0.014041, -0.000000, 0.014041)
    [desiredVelocityUpdate]
      contact=0
      point=(0.650000, 0.000000, 0.650000)
      normal=(0.000000, 1.000000, 0.000000)
      depth=0.006737
      contactVelocityDelta=(-0.096233, -0.029101, -0.029101)
      desiredDeltaVelocityOld=0.000000
      desiredDeltaVelocityNew=0.096233
    [desiredVelocityUpdate]
      contact=1
      point=(-0.650000, 0.000000, 0.650000)
      normal=(0.000000, 1.000000, 0.000000)
      depth=0.001684
      contactVelocityDelta=(-0.016734, -0.029101, -0.029101)
      desiredDeltaVelocityOld=-1.539437
      desiredDeltaVelocityNew=-1.519356
    [desiredVelocityUpdate]
      contact=2
      point=(0.650000, 0.000000, -0.650000)
      normal=(0.000000, 1.000000, 0.000000)
      depth=0.001684
      contactVelocityDelta=(-0.016734, -0.029101, -0.029101)
      desiredDeltaVelocityOld=-1.539437
      desiredDeltaVelocityNew=-1.519356
    [desiredVelocityUpdate]
      contact=3
      point=(-0.650000, 0.000000, -0.650000)
      normal=(0.000000, 1.000000, 0.000000)
      depth=-0.003369
      contactVelocityDelta=(0.062766, -0.029101, -0.029101)
      desiredDeltaVelocityOld=-3.078873
      desiredDeltaVelocityNew=-3.154192
    [desiredVelocityUpdate]
      contact=4
      point=(0.650000, 1.246101, 0.650000)
      normal=(-0.000000, -1.000000, -0.000000)
      depth=0.000000
      contactVelocityDelta=(0.096233, -0.047103, 0.047103)
      desiredDeltaVelocityOld=0.131220
      desiredDeltaVelocityNew=0.034987
    [desiredVelocityUpdate]
      contact=4
      point=(0.650000, 1.246101, 0.650000)
      normal=(-0.000000, -1.000000, -0.000000)
      depth=0.000000
      contactVelocityDelta=(0.034987, -0.001523, 0.001523)
      desiredDeltaVelocityOld=0.034987
      desiredDeltaVelocityNew=0.000000
  [adjustVelocities] iteration=17
    [velocityResolution]
      contact=0
      point=(0.650000, 0.000000, 0.650000)
      normal=(0.000000, 1.000000, 0.000000)
      depth=0.006737
      basis=[0.000000 0.000000 1.000000 | 1.000000 -0.000000 -0.000000 | 0.000000 1.000000 -0.000000]
      desiredDeltaVelocity=0.096233
      impulse=(-0.050814, 0.278694, -0.050814)
      velocityChange[0]=(-0.005081, 0.027869, -0.005081)
      velocityChange[1]=(-0.010649, 0.016734, -0.010649)
      rotationChange[0]=(-0.052588, -0.000000, 0.052588)
      rotationChange[1]=(-0.014041, -0.000000, 0.014041)
    [desiredVelocityUpdate]
      contact=0
      point=(0.650000, 0.000000, 0.650000)
      normal=(0.000000, 1.000000, 0.000000)
      depth=0.006737
      contactVelocityDelta=(0.096233, 0.029101, 0.029101)
      desiredDeltaVelocityOld=0.096233
      desiredDeltaVelocityNew=0.000000
    [desiredVelocityUpdate]
      contact=1
      point=(-0.650000, 0.000000, 0.650000)
      normal=(0.000000, 1.000000, 0.000000)
      depth=0.001684
      contactVelocityDelta=(0.027869, 0.029101, 0.029101)
      desiredDeltaVelocityOld=-1.519356
      desiredDeltaVelocityNew=-1.552799
    [desiredVelocityUpdate]
      contact=2
      point=(0.650000, 0.000000, -0.650000)
      normal=(0.000000, 1.000000, 0.000000)
      depth=0.001684
      contactVelocityDelta=(0.027869, 0.029101, 0.029101)
      desiredDeltaVelocityOld=-1.519356
      desiredDeltaVelocityNew=-1.552799
    [desiredVelocityUpdate]
      contact=3
      point=(-0.650000, 0.000000, -0.650000)
      normal=(0.000000, 1.000000, 0.000000)
      depth=-0.003369
      contactVelocityDelta=(-0.040495, 0.029101, 0.029101)
      desiredDeltaVelocityOld=-3.154192
      desiredDeltaVelocityNew=-3.105599
    [desiredVelocityUpdate]
      contact=4
      point=(0.650000, 1.246101, 0.650000)
      normal=(-0.000000, -1.000000, -0.000000)
      depth=0.000000
      contactVelocityDelta=(-0.096233, 0.036429, -0.036429)
      desiredDeltaVelocityOld=0.000000
      desiredDeltaVelocityNew=0.096233
  [adjustVelocities] iteration=18
    [velocityResolution]
      contact=4
      point=(0.650000, 1.246101, 0.650000)
      normal=(-0.000000, -1.000000, -0.000000)
      depth=0.000000
      basis=[-0.000000 0.000000 1.000000 | -1.000000 0.000000 -0.000000 | -0.000000 -1.000000 -0.000000]
      desiredDeltaVelocity=0.096233
      impulse=(0.078099, -0.122720, 0.078099)
      velocityChange[0]=(0.007810, -0.012272, 0.007810)
      velocityChange[1]=(-0.007810, 0.012272, -0.007810)
      rotationChange[0]=(0.044848, -0.000000, -0.044848)
      rotationChange[1]=(-0.010297, 0.000000, 0.010297)
    [desiredVelocityUpdate]
      contact=0
      point=(0.650000, 0.000000, 0.650000)
      normal=(0.000000, 1.000000, 0.000000)
      depth=0.006737
      contactVelocityDelta=(-0.070575, -0.021342, -0.021342)
      desiredDeltaVelocityOld=0.000000
      desiredDeltaVelocityNew=0.070575
    [desiredVelocityUpdate]
      contact=1
      point=(-0.650000, 0.000000, 0.650000)
      normal=(0.000000, 1.000000, 0.000000)
      depth=0.001684
      contactVelocityDelta=(-0.012272, -0.021342, -0.021342)
      desiredDeltaVelocityOld=-1.552799
      desiredDeltaVelocityNew=-1.538073
    [desiredVelocityUpdate]
      contact=2
      point=(0.650000, 0.000000, -0.650000)
      normal=(0.000000, 1.000000, 0.000000)
      depth=0.001684
      contactVelocityDelta=(-0.012272, -0.021342, -0.021342)
      desiredDeltaVelocityOld=-1.552799
      desiredDeltaVelocityNew=-1.538073
    [desiredVelocityUpdate]
      contact=3
      point=(-0.650000, 0.000000, -0.650000)
      normal=(0.000000, 1.000000, 0.000000)
      depth=-0.003369
      contactVelocityDelta=(0.046031, -0.021342, -0.021342)
      desiredDeltaVelocityOld=-3.105599
      desiredDeltaVelocityNew=-3.160836
    [desiredVelocityUpdate]
      contact=4
      point=(0.650000, 1.246101, 0.650000)
      normal=(-0.000000, -1.000000, -0.000000)
      depth=0.000000
      contactVelocityDelta=(0.070575, -0.034544, 0.034544)
      desiredDeltaVelocityOld=0.096233
      desiredDeltaVelocityNew=0.025658
    [desiredVelocityUpdate]
      contact=4
      point=(0.650000, 1.246101, 0.650000)
      normal=(-0.000000, -1.000000, -0.000000)
      depth=0.000000
      contactVelocityDelta=(0.025658, -0.001117, 0.001117)
      desiredDeltaVelocityOld=0.025658
      desiredDeltaVelocityNew=0.000000
  [adjustVelocities] iteration=19
    [velocityResolution]
      contact=0
      point=(0.650000, 0.000000, 0.650000)
      normal=(0.000000, 1.000000, 0.000000)
      depth=0.006737
      basis=[0.000000 0.000000 1.000000 | 1.000000 -0.000000 -0.000000 | 0.000000 1.000000 -0.000000]
      desiredDeltaVelocity=0.070575
      impulse=(-0.037266, 0.204386, -0.037266)
      velocityChange[0]=(-0.003727, 0.020439, -0.003727)
      velocityChange[1]=(-0.007810, 0.012272, -0.007810)
      rotationChange[0]=(-0.038566, 0.000000, 0.038566)
      rotationChange[1]=(-0.010297, 0.000000, 0.010297)
    [desiredVelocityUpdate]
      contact=0
      point=(0.650000, 0.000000, 0.650000)
      normal=(0.000000, 1.000000, 0.000000)
      depth=0.006737
      contactVelocityDelta=(0.070575, 0.021342, 0.021342)
      desiredDeltaVelocityOld=0.070575
      desiredDeltaVelocityNew=0.000000
    [desiredVelocityUpdate]
      contact=1
      point=(-0.650000, 0.000000, 0.650000)
      normal=(0.000000, 1.000000, 0.000000)
      depth=0.001684
      contactVelocityDelta=(0.020439, 0.021342, 0.021342)
      desiredDeltaVelocityOld=-1.538073
      desiredDeltaVelocityNew=-1.562599
    [desiredVelocityUpdate]
      contact=2
      point=(0.650000, 0.000000, -0.650000)
      normal=(0.000000, 1.000000, 0.000000)
      depth=0.001684
      contactVelocityDelta=(0.020439, 0.021342, 0.021342)
      desiredDeltaVelocityOld=-1.538073
      desiredDeltaVelocityNew=-1.562599
    [desiredVelocityUpdate]
      contact=3
      point=(-0.650000, 0.000000, -0.650000)
      normal=(0.000000, 1.000000, 0.000000)
      depth=-0.003369
      contactVelocityDelta=(-0.029698, 0.021342, 0.021342)
      desiredDeltaVelocityOld=-3.160836
      desiredDeltaVelocityNew=-3.125199
    [desiredVelocityUpdate]
      contact=4
      point=(0.650000, 1.246101, 0.650000)
      normal=(-0.000000, -1.000000, -0.000000)
      depth=0.000000
      contactVelocityDelta=(-0.070575, 0.026716, -0.026716)
      desiredDeltaVelocityOld=0.000000
      desiredDeltaVelocityNew=0.070575
  [adjustVelocities] iteration=20
    [velocityResolution]
      contact=4
      point=(0.650000, 1.246101, 0.650000)
      normal=(-0.000000, -1.000000, -0.000000)
      depth=0.000000
      basis=[-0.000000 0.000000 1.000000 | -1.000000 0.000000 -0.000000 | -0.000000 -1.000000 -0.000000]
      desiredDeltaVelocity=0.070575
      impulse=(0.057275, -0.090000, 0.057275)
      velocityChange[0]=(0.005728, -0.009000, 0.005728)
      velocityChange[1]=(-0.005728, 0.009000, -0.005728)
      rotationChange[0]=(0.032891, -0.000000, -0.032891)
      rotationChange[1]=(-0.007552, 0.000000, 0.007552)
    [desiredVelocityUpdate]
      contact=0
      point=(0.650000, 0.000000, 0.650000)
      normal=(0.000000, 1.000000, 0.000000)
      depth=0.006737
      contactVelocityDelta=(-0.051758, -0.015651, -0.015651)
      desiredDeltaVelocityOld=0.000000
      desiredDeltaVelocityNew=0.051758
    [desiredVelocityUpdate]
      contact=1
      point=(-0.650000, 0.000000, 0.650000)
      normal=(0.000000, 1.000000, 0.000000)
      depth=0.001684
      contactVelocityDelta=(-0.009000, -0.015651, -0.015651)
      desiredDeltaVelocityOld=-1.562599
      desiredDeltaVelocityNew=-1.551799
    [desiredVelocityUpdate]
      contact=2
      point=(0.650000, 0.000000, -0.650000)
      normal=(0.000000, 1.000000, 0.000000)
      depth=0.001684
      contactVelocityDelta=(-0.009000, -0.015651, -0.015651)
      desiredDeltaVelocityOld=-1.562599
      desiredDeltaVelocityNew=-1.551799
    [desiredVelocityUpdate]
      contact=3
      point=(-0.650000, 0.000000, -0.650000)
      normal=(0.000000, 1.000000, 0.000000)
      depth=-0.003369
      contactVelocityDelta=(0.033758, -0.015651, -0.015651)
      desiredDeltaVelocityOld=-3.125199
      desiredDeltaVelocityNew=-3.165708
    [desiredVelocityUpdate]
      contact=4
      point=(0.650000, 1.246101, 0.650000)
      normal=(-0.000000, -1.000000, -0.000000)
      depth=0.000000
      contactVelocityDelta=(0.051758, -0.025334, 0.025334)
      desiredDeltaVelocityOld=0.070575
      desiredDeltaVelocityNew=0.018817
    [desiredVelocityUpdate]
      contact=4
      point=(0.650000, 1.246101, 0.650000)
      normal=(-0.000000, -1.000000, -0.000000)
      depth=0.000000
      contactVelocityDelta=(0.018817, -0.000819, 0.000819)
      desiredDeltaVelocityOld=0.018817
      desiredDeltaVelocityNew=0.000000
  [adjustVelocities] iteration=21
    [velocityResolution]
      contact=0
      point=(0.650000, 0.000000, 0.650000)
      normal=(0.000000, 1.000000, 0.000000)
      depth=0.006737
      basis=[0.000000 0.000000 1.000000 | 1.000000 -0.000000 -0.000000 | 0.000000 1.000000 -0.000000]
      desiredDeltaVelocity=0.051758
      impulse=(-0.027330, 0.149891, -0.027330)
      velocityChange[0]=(-0.002733, 0.014989, -0.002733)
      velocityChange[1]=(-0.005728, 0.009000, -0.005728)
      rotationChange[0]=(-0.028283, 0.000000, 0.028283)
      rotationChange[1]=(-0.007552, 0.000000, 0.007552)
    [desiredVelocityUpdate]
      contact=0
      point=(0.650000, 0.000000, 0.650000)
      normal=(0.000000, 1.000000, 0.000000)
      depth=0.006737
      contactVelocityDelta=(0.051758, 0.015651, 0.015651)
      desiredDeltaVelocityOld=0.051758
      desiredDeltaVelocityNew=0.000000
    [desiredVelocityUpdate]
      contact=1
      point=(-0.650000, 0.000000, 0.650000)
      normal=(0.000000, 1.000000, 0.000000)
      depth=0.001684
      contactVelocityDelta=(0.014989, 0.015651, 0.015651)
      desiredDeltaVelocityOld=-1.551799
      desiredDeltaVelocityNew=-1.569786
    [desiredVelocityUpdate]
      contact=2
      point=(0.650000, 0.000000, -0.650000)
      normal=(0.000000, 1.000000, 0.000000)
      depth=0.001684
      contactVelocityDelta=(0.014989, 0.015651, 0.015651)
      desiredDeltaVelocityOld=-1.551799
      desiredDeltaVelocityNew=-1.569786
    [desiredVelocityUpdate]
      contact=3
      point=(-0.650000, 0.000000, -0.650000)
      normal=(0.000000, 1.000000, 0.000000)
      depth=-0.003369
      contactVelocityDelta=(-0.021779, 0.015651, 0.015651)
      desiredDeltaVelocityOld=-3.165708
      desiredDeltaVelocityNew=-3.139573
    [desiredVelocityUpdate]
      contact=4
      point=(0.650000, 1.246101, 0.650000)
      normal=(-0.000000, -1.000000, -0.000000)
      depth=0.000000
      contactVelocityDelta=(-0.051758, 0.019593, -0.019593)
      desiredDeltaVelocityOld=0.000000
      desiredDeltaVelocityNew=0.051758
  [adjustVelocities] iteration=22
    [velocityResolution]
      contact=4
      point=(0.650000, 1.246101, 0.650000)
      normal=(-0.000000, -1.000000, -0.000000)
      depth=0.000000
      basis=[-0.000000 0.000000 1.000000 | -1.000000 0.000000 -0.000000 | -0.000000 -1.000000 -0.000000]
      desiredDeltaVelocity=0.051758
      impulse=(0.042004, -0.066003, 0.042004)
      velocityChange[0]=(0.004200, -0.006600, 0.004200)
      velocityChange[1]=(-0.004200, 0.006600, -0.004200)
      rotationChange[0]=(0.024121, 0.000000, -0.024121)
      rotationChange[1]=(-0.005538, 0.000000, 0.005538)
    [desiredVelocityUpdate]
      contact=0
      point=(0.650000, 0.000000, 0.650000)
      normal=(0.000000, 1.000000, 0.000000)
      depth=0.006737
      contactVelocityDelta=(-0.037958, -0.011478, -0.011478)
      desiredDeltaVelocityOld=0.000000
      desiredDeltaVelocityNew=0.037958
    [desiredVelocityUpdate]
      contact=1
      point=(-0.650000, 0.000000, 0.650000)
      normal=(0.000000, 1.000000, 0.000000)
      depth=0.001684
      contactVelocityDelta=(-0.006600, -0.011478, -0.011478)
      desiredDeltaVelocityOld=-1.569786
      desiredDeltaVelocityNew=-1.561866
    [desiredVelocityUpdate]
      contact=2
      point=(0.650000, 0.000000, -0.650000)
      normal=(0.000000, 1.000000, 0.000000)
      depth=0.001684
      contactVelocityDelta=(-0.006600, -0.011478, -0.011478)
      desiredDeltaVelocityOld=-1.569786
      desiredDeltaVelocityNew=-1.561866
    [desiredVelocityUpdate]
      contact=3
      point=(-0.650000, 0.000000, -0.650000)
      normal=(0.000000, 1.000000, 0.000000)
      depth=-0.003369
      contactVelocityDelta=(0.024757, -0.011478, -0.011478)
      desiredDeltaVelocityOld=-3.139573
      desiredDeltaVelocityNew=-3.169281
    [desiredVelocityUpdate]
      contact=4
      point=(0.650000, 1.246101, 0.650000)
      normal=(-0.000000, -1.000000, -0.000000)
      depth=0.000000
      contactVelocityDelta=(0.037958, -0.018579, 0.018579)
      desiredDeltaVelocityOld=0.051758
      desiredDeltaVelocityNew=0.013800
    [desiredVelocityUpdate]
      contact=4
      point=(0.650000, 1.246101, 0.650000)
      normal=(-0.000000, -1.000000, -0.000000)
      depth=0.000000
      contactVelocityDelta=(0.013800, -0.000601, 0.000601)
      desiredDeltaVelocityOld=0.013800
      desiredDeltaVelocityNew=0.000000
  [adjustVelocities] iteration=23
    [velocityResolution]
      contact=0
      point=(0.650000, 0.000000, 0.650000)
      normal=(0.000000, 1.000000, 0.000000)
      depth=0.006737
      basis=[0.000000 0.000000 1.000000 | 1.000000 -0.000000 -0.000000 | 0.000000 1.000000 -0.000000]
      desiredDeltaVelocity=0.037958
      impulse=(-0.020043, 0.109926, -0.020043)
      velocityChange[0]=(-0.002004, 0.010993, -0.002004)
      velocityChange[1]=(-0.004200, 0.006600, -0.004200)
      rotationChange[0]=(-0.020742, 0.000000, 0.020742)
      rotationChange[1]=(-0.005538, 0.000000, 0.005538)
    [desiredVelocityUpdate]
      contact=0
      point=(0.650000, 0.000000, 0.650000)
      normal=(0.000000, 1.000000, 0.000000)
      depth=0.006737
      contactVelocityDelta=(0.037958, 0.011478, 0.011478)
      desiredDeltaVelocityOld=0.037958
      desiredDeltaVelocityNew=0.000000
    [desiredVelocityUpdate]
      contact=1
      point=(-0.650000, 0.000000, 0.650000)
      normal=(0.000000, 1.000000, 0.000000)
      depth=0.001684
      contactVelocityDelta=(0.010993, 0.011478, 0.011478)
      desiredDeltaVelocityOld=-1.561866
      desiredDeltaVelocityNew=-1.575057
    [desiredVelocityUpdate]
      contact=2
      point=(0.650000, 0.000000, -0.650000)
      normal=(0.000000, 1.000000, 0.000000)
      depth=0.001684
      contactVelocityDelta=(0.010993, 0.011478, 0.011478)
      desiredDeltaVelocityOld=-1.561866
      desiredDeltaVelocityNew=-1.575057
    [desiredVelocityUpdate]
      contact=3
      point=(-0.650000, 0.000000, -0.650000)
      normal=(0.000000, 1.000000, 0.000000)
      depth=-0.003369
      contactVelocityDelta=(-0.015972, 0.011478, 0.011478)
      desiredDeltaVelocityOld=-3.169281
      desiredDeltaVelocityNew=-3.150114
    [desiredVelocityUpdate]
      contact=4
      point=(0.650000, 1.246101, 0.650000)
      normal=(-0.000000, -1.000000, -0.000000)
      depth=0.000000
      contactVelocityDelta=(-0.037958, 0.014369, -0.014369)
      desiredDeltaVelocityOld=0.000000
      desiredDeltaVelocityNew=0.037958
  [adjustVelocities] iteration=24
    [velocityResolution]
      contact=4
      point=(0.650000, 1.246101, 0.650000)
      normal=(-0.000000, -1.000000, -0.000000)
      depth=0.000000
      basis=[-0.000000 0.000000 1.000000 | -1.000000 0.000000 -0.000000 | -0.000000 -1.000000 -0.000000]
      desiredDeltaVelocity=0.037958
      impulse=(0.030805, -0.048405, 0.030805)
      velocityChange[0]=(0.003080, -0.004840, 0.003080)
      velocityChange[1]=(-0.003080, 0.004840, -0.003080)
      rotationChange[0]=(0.017690, -0.000000, -0.017690)
      rotationChange[1]=(-0.004062, -0.000000, 0.004062)
    [desiredVelocityUpdate]
      contact=0
      point=(0.650000, 0.000000, 0.650000)
      normal=(0.000000, 1.000000, 0.000000)
      depth=0.006737
      contactVelocityDelta=(-0.027837, -0.008418, -0.008418)
      desiredDeltaVelocityOld=0.000000
      desiredDeltaVelocityNew=0.027837
    [desiredVelocityUpdate]
      contact=1
      point=(-0.650000, 0.000000, 0.650000)
      normal=(0.000000, 1.000000, 0.000000)
      depth=0.001684
      contactVelocityDelta=(-0.004840, -0.008418, -0.008418)
      desiredDeltaVelocityOld=-1.575057
      desiredDeltaVelocityNew=-1.569248
    [desiredVelocityUpdate]
      contact=2
      point=(0.650000, 0.000000, -0.650000)
      normal=(0.000000, 1.000000, 0.000000)
      depth=0.001684
      contactVelocityDelta=(-0.004840, -0.008418, -0.008418)
      desiredDeltaVelocityOld=-1.575057
      desiredDeltaVelocityNew=-1.569248
    [desiredVelocityUpdate]
      contact=3
      point=(-0.650000, 0.000000, -0.650000)
      normal=(0.000000, 1.000000, 0.000000)
      depth=-0.003369
      contactVelocityDelta=(0.018156, -0.008418, -0.008418)
      desiredDeltaVelocityOld=-3.150114
      desiredDeltaVelocityNew=-3.171901
    [desiredVelocityUpdate]
      contact=4
      point=(0.650000, 1.246101, 0.650000)
      normal=(-0.000000, -1.000000, -0.000000)
      depth=0.000000
      contactVelocityDelta=(0.027837, -0.013625, 0.013625)
      desiredDeltaVelocityOld=0.037958
      desiredDeltaVelocityNew=0.010121
    [desiredVelocityUpdate]
      contact=4
      point=(0.650000, 1.246101, 0.650000)
      normal=(-0.000000, -1.000000, -0.000000)
      depth=0.000000
      contactVelocityDelta=(0.010121, -0.000440, 0.000440)
      desiredDeltaVelocityOld=0.010121
      desiredDeltaVelocityNew=0.000000
  [adjustVelocities] iteration=25
    [velocityResolution]
      contact=0
      point=(0.650000, 0.000000, 0.650000)
      normal=(0.000000, 1.000000, 0.000000)
      depth=0.006737
      basis=[0.000000 0.000000 1.000000 | 1.000000 -0.000000 -0.000000 | 0.000000 1.000000 -0.000000]
      desiredDeltaVelocity=0.027837
      impulse=(-0.014699, 0.080617, -0.014699)
      velocityChange[0]=(-0.001470, 0.008062, -0.001470)
      velocityChange[1]=(-0.003080, 0.004840, -0.003080)
      rotationChange[0]=(-0.015212, 0.000000, 0.015212)
      rotationChange[1]=(-0.004062, -0.000000, 0.004062)
    [desiredVelocityUpdate]
      contact=0
      point=(0.650000, 0.000000, 0.650000)
      normal=(0.000000, 1.000000, 0.000000)
      depth=0.006737
      contactVelocityDelta=(0.027837, 0.008418, 0.008418)
      desiredDeltaVelocityOld=0.027837
      desiredDeltaVelocityNew=0.000000
    [desiredVelocityUpdate]
      contact=1
      point=(-0.650000, 0.000000, 0.650000)
      normal=(0.000000, 1.000000, 0.000000)
      depth=0.001684
      contactVelocityDelta=(0.008062, 0.008418, 0.008418)
      desiredDeltaVelocityOld=-1.569248
      desiredDeltaVelocityNew=-1.578923
    [desiredVelocityUpdate]
      contact=2
      point=(0.650000, 0.000000, -0.650000)
      normal=(0.000000, 1.000000, 0.000000)
      depth=0.001684
      contactVelocityDelta=(0.008062, 0.008418, 0.008418)
      desiredDeltaVelocityOld=-1.569248
      desiredDeltaVelocityNew=-1.578923
    [desiredVelocityUpdate]
      contact=3
      point=(-0.650000, 0.000000, -0.650000)
      normal=(0.000000, 1.000000, 0.000000)
      depth=-0.003369
      contactVelocityDelta=(-0.011714, 0.008418, 0.008418)
      desiredDeltaVelocityOld=-3.171901
      desiredDeltaVelocityNew=-3.157845
    [desiredVelocityUpdate]
      contact=4
      point=(0.650000, 1.246101, 0.650000)
      normal=(-0.000000, -1.000000, -0.000000)
      depth=0.000000
      contactVelocityDelta=(-0.027837, 0.010538, -0.010538)
      desiredDeltaVelocityOld=0.000000
      desiredDeltaVelocityNew=0.027837
  [adjustVelocities] iteration=26
    [velocityResolution]
      contact=4
      point=(0.650000, 1.246101, 0.650000)
      normal=(-0.000000, -1.000000, -0.000000)
      depth=0.000000
      basis=[-0.000000 0.000000 1.000000 | -1.000000 0.000000 -0.000000 | -0.000000 -1.000000 -0.000000]
      desiredDeltaVelocity=0.027837
      impulse=(0.022591, -0.035499, 0.022591)
      velocityChange[0]=(0.002259, -0.003550, 0.002259)
      velocityChange[1]=(-0.002259, 0.003550, -0.002259)
      rotationChange[0]=(0.012973, -0.000000, -0.012973)
      rotationChange[1]=(-0.002979, 0.000000, 0.002979)
    [desiredVelocityUpdate]
      contact=0
      point=(0.650000, 0.000000, 0.650000)
      normal=(0.000000, 1.000000, 0.000000)
      depth=0.006737
      contactVelocityDelta=(-0.020415, -0.006173, -0.006173)
      desiredDeltaVelocityOld=0.000000
      desiredDeltaVelocityNew=0.020415
    [desiredVelocityUpdate]
      contact=1
      point=(-0.650000, 0.000000, 0.650000)
      normal=(0.000000, 1.000000, 0.000000)
      depth=0.001684
      contactVelocityDelta=(-0.003550, -0.006173, -0.006173)
      desiredDeltaVelocityOld=-1.578923
      desiredDeltaVelocityNew=-1.574663
    [desiredVelocityUpdate]
      contact=2
      point=(0.650000, 0.000000, -0.650000)
      normal=(0.000000, 1.000000, 0.000000)
      depth=0.001684
      contactVelocityDelta=(-0.003550, -0.006173, -0.006173)
      desiredDeltaVelocityOld=-1.578923
      desiredDeltaVelocityNew=-1.574663
    [desiredVelocityUpdate]
      contact=3
      point=(-0.650000, 0.000000, -0.650000)
      normal=(0.000000, 1.000000, 0.000000)
      depth=-0.003369
      contactVelocityDelta=(0.013315, -0.006173, -0.006173)
      desiredDeltaVelocityOld=-3.157845
      desiredDeltaVelocityNew=-3.173823
    [desiredVelocityUpdate]
      contact=4
      point=(0.650000, 1.246101, 0.650000)
      normal=(-0.000000, -1.000000, -0.000000)
      depth=0.000000
      contactVelocityDelta=(0.020415, -0.009992, 0.009992)
      desiredDeltaVelocityOld=0.027837
      desiredDeltaVelocityNew=0.007422
    [desiredVelocityUpdate]
      contact=4
      point=(0.650000, 1.246101, 0.650000)
      normal=(-0.000000, -1.000000, -0.000000)
      depth=0.000000
      contactVelocityDelta=(0.007422, -0.000323, 0.000323)
      desiredDeltaVelocityOld=0.007422
      desiredDeltaVelocityNew=0.000000
  [adjustVelocities] iteration=27
    [velocityResolution]
      contact=0
      point=(0.650000, 0.000000, 0.650000)
      normal=(0.000000, 1.000000, 0.000000)
      depth=0.006737
      basis=[0.000000 0.000000 1.000000 | 1.000000 -0.000000 -0.000000 | 0.000000 1.000000 -0.000000]
      desiredDeltaVelocity=0.020415
      impulse=(-0.010780, 0.059122, -0.010780)
      velocityChange[0]=(-0.001078, 0.005912, -0.001078)
      velocityChange[1]=(-0.002259, 0.003550, -0.002259)
      rotationChange[0]=(-0.011156, 0.000000, 0.011156)
      rotationChange[1]=(-0.002979, 0.000000, 0.002979)
    [desiredVelocityUpdate]
      contact=0
      point=(0.650000, 0.000000, 0.650000)
      normal=(0.000000, 1.000000, 0.000000)
      depth=0.006737
      contactVelocityDelta=(0.020415, 0.006173, 0.006173)
      desiredDeltaVelocityOld=0.020415
      desiredDeltaVelocityNew=0.000000
    [desiredVelocityUpdate]
      contact=1
      point=(-0.650000, 0.000000, 0.650000)
      normal=(0.000000, 1.000000, 0.000000)
      depth=0.001684
      contactVelocityDelta=(0.005912, 0.006173, 0.006173)
      desiredDeltaVelocityOld=-1.574663
      desiredDeltaVelocityNew=-1.581757
    [desiredVelocityUpdate]
      contact=2
      point=(0.650000, 0.000000, -0.650000)
      normal=(0.000000, 1.000000, 0.000000)
      depth=0.001684
      contactVelocityDelta=(0.005912, 0.006173, 0.006173)
      desiredDeltaVelocityOld=-1.574663
      desiredDeltaVelocityNew=-1.581757
    [desiredVelocityUpdate]
      contact=3
      point=(-0.650000, 0.000000, -0.650000)
      normal=(0.000000, 1.000000, 0.000000)
      depth=-0.003369
      contactVelocityDelta=(-0.008591, 0.006173, 0.006173)
      desiredDeltaVelocityOld=-3.173823
      desiredDeltaVelocityNew=-3.163515
    [desiredVelocityUpdate]
      contact=4
      point=(0.650000, 1.246101, 0.650000)
      normal=(-0.000000, -1.000000, -0.000000)
      depth=0.000000
      contactVelocityDelta=(-0.020415, 0.007728, -0.007728)
      desiredDeltaVelocityOld=0.000000
      desiredDeltaVelocityNew=0.020415
  [adjustVelocities] iteration=28
    [velocityResolution]
      contact=4
      point=(0.650000, 1.246101, 0.650000)
      normal=(-0.000000, -1.000000, -0.000000)
      depth=0.000000
      basis=[-0.000000 0.000000 1.000000 | -1.000000 0.000000 -0.000000 | -0.000000 -1.000000 -0.000000]
      desiredDeltaVelocity=0.020415
      impulse=(0.016568, -0.026034, 0.016568)
      velocityChange[0]=(0.001657, -0.002603, 0.001657)
      velocityChange[1]=(-0.001657, 0.002603, -0.001657)
      rotationChange[0]=(0.009514, -0.000000, -0.009514)
      rotationChange[1]=(-0.002184, -0.000000, 0.002184)
    [desiredVelocityUpdate]
      contact=0
      point=(0.650000, 0.000000, 0.650000)
      normal=(0.000000, 1.000000, 0.000000)
      depth=0.006737
      contactVelocityDelta=(-0.014972, -0.004527, -0.004527)
      desiredDeltaVelocityOld=0.000000
      desiredDeltaVelocityNew=0.014972
    [desiredVelocityUpdate]
      contact=1
      point=(-0.650000, 0.000000, 0.650000)
      normal=(0.000000, 1.000000, 0.000000)
      depth=0.001684
      contactVelocityDelta=(-0.002603, -0.004527, -0.004527)
      desiredDeltaVelocityOld=-1.581757
      desiredDeltaVelocityNew=-1.578633
    [desiredVelocityUpdate]
      contact=2
      point=(0.650000, 0.000000, -0.650000)
      normal=(0.000000, 1.000000, 0.000000)
      depth=0.001684
      contactVelocityDelta=(-0.002603, -0.004527, -0.004527)
      desiredDeltaVelocityOld=-1.581757
      desiredDeltaVelocityNew=-1.578633
    [desiredVelocityUpdate]
      contact=3
      point=(-0.650000, 0.000000, -0.650000)
      normal=(0.000000, 1.000000, 0.000000)
      depth=-0.003369
      contactVelocityDelta=(0.009765, -0.004527, -0.004527)
      desiredDeltaVelocityOld=-3.163515
      desiredDeltaVelocityNew=-3.175233
    [desiredVelocityUpdate]
      contact=4
      point=(0.650000, 1.246101, 0.650000)
      normal=(-0.000000, -1.000000, -0.000000)
      depth=0.000000
      contactVelocityDelta=(0.014972, -0.007328, 0.007328)
      desiredDeltaVelocityOld=0.020415
      desiredDeltaVelocityNew=0.005443
    [desiredVelocityUpdate]
      contact=4
      point=(0.650000, 1.246101, 0.650000)
      normal=(-0.000000, -1.000000, -0.000000)
      depth=0.000000
      contactVelocityDelta=(0.005443, -0.000237, 0.000237)
      desiredDeltaVelocityOld=0.005443
      desiredDeltaVelocityNew=0.000000
  [adjustVelocities] iteration=29
    [velocityResolution]
      contact=0
      point=(0.650000, 0.000000, 0.650000)
      normal=(0.000000, 1.000000, 0.000000)
      depth=0.006737
      basis=[0.000000 0.000000 1.000000 | 1.000000 -0.000000 -0.000000 | 0.000000 1.000000 -0.000000]
      desiredDeltaVelocity=0.014972
      impulse=(-0.007906, 0.043359, -0.007906)
      velocityChange[0]=(-0.000791, 0.004336, -0.000791)
      velocityChange[1]=(-0.001657, 0.002603, -0.001657)
      rotationChange[0]=(-0.008181, 0.000000, 0.008181)
      rotationChange[1]=(-0.002184, -0.000000, 0.002184)
    [desiredVelocityUpdate]
      contact=0
      point=(0.650000, 0.000000, 0.650000)
      normal=(0.000000, 1.000000, 0.000000)
      depth=0.006737
      contactVelocityDelta=(0.014972, 0.004527, 0.004527)
      desiredDeltaVelocityOld=0.014972
      desiredDeltaVelocityNew=0.000000
    [desiredVelocityUpdate]
      contact=1
      point=(-0.650000, 0.000000, 0.650000)
      normal=(0.000000, 1.000000, 0.000000)
      depth=0.001684
      contactVelocityDelta=(0.004336, 0.004527, 0.004527)
      desiredDeltaVelocityOld=-1.578633
      desiredDeltaVelocityNew=-1.583836
    [desiredVelocityUpdate]
      contact=2
      point=(0.650000, 0.000000, -0.650000)
      normal=(0.000000, 1.000000, 0.000000)
      depth=0.001684
      contactVelocityDelta=(0.004336, 0.004527, 0.004527)
      desiredDeltaVelocityOld=-1.578633
      desiredDeltaVelocityNew=-1.583836
    [desiredVelocityUpdate]
      contact=3
      point=(-0.650000, 0.000000, -0.650000)
      normal=(0.000000, 1.000000, 0.000000)
      depth=-0.003369
      contactVelocityDelta=(-0.006300, 0.004527, 0.004527)
      desiredDeltaVelocityOld=-3.175233
      desiredDeltaVelocityNew=-3.167673
    [desiredVelocityUpdate]
      contact=4
      point=(0.650000, 1.246101, 0.650000)
      normal=(-0.000000, -1.000000, -0.000000)
      depth=0.000000
      contactVelocityDelta=(-0.014972, 0.005668, -0.005668)
      desiredDeltaVelocityOld=0.000000
      desiredDeltaVelocityNew=0.014972
  [adjustVelocities] iteration=30
    [velocityResolution]
      contact=4
      point=(0.650000, 1.246101, 0.650000)
      normal=(-0.000000, -1.000000, -0.000000)
      depth=0.000000
      basis=[-0.000000 0.000000 1.000000 | -1.000000 0.000000 -0.000000 | -0.000000 -1.000000 -0.000000]
      desiredDeltaVelocity=0.014972
      impulse=(0.012150, -0.019093, 0.012150)
      velocityChange[0]=(0.001215, -0.001909, 0.001215)
      velocityChange[1]=(-0.001215, 0.001909, -0.001215)
      rotationChange[0]=(0.006977, -0.000000, -0.006977)
      rotationChange[1]=(-0.001602, 0.000000, 0.001602)
    [desiredVelocityUpdate]
      contact=0
      point=(0.650000, 0.000000, 0.650000)
      normal=(0.000000, 1.000000, 0.000000)
      depth=0.006737
      contactVelocityDelta=(-0.010980, -0.003320, -0.003320)
      desiredDeltaVelocityOld=0.000000
      desiredDeltaVelocityNew=0.010980
    [desiredVelocityUpdate]
      contact=1
      point=(-0.650000, 0.000000, 0.650000)
      normal=(0.000000, 1.000000, 0.000000)
      depth=0.001684
      contactVelocityDelta=(-0.001909, -0.003320, -0.003320)
      desiredDeltaVelocityOld=-1.583836
      desiredDeltaVelocityNew=-1.581545
    [desiredVelocityUpdate]
      contact=2
      point=(0.650000, 0.000000, -0.650000)
      normal=(0.000000, 1.000000, 0.000000)
      depth=0.001684
      contactVelocityDelta=(-0.001909, -0.003320, -0.003320)
      desiredDeltaVelocityOld=-1.583836
      desiredDeltaVelocityNew=-1.581545
    [desiredVelocityUpdate]
      contact=3
      point=(-0.650000, 0.000000, -0.650000)
      normal=(0.000000, 1.000000, 0.000000)
      depth=-0.003369
      contactVelocityDelta=(0.007161, -0.003320, -0.003320)
      desiredDeltaVelocityOld=-3.167673
      desiredDeltaVelocityNew=-3.176266
    [desiredVelocityUpdate]
      contact=4
      point=(0.650000, 1.246101, 0.650000)
      normal=(-0.000000, -1.000000, -0.000000)
      depth=0.000000
      contactVelocityDelta=(0.010980, -0.005374, 0.005374)
      desiredDeltaVelocityOld=0.014972
      desiredDeltaVelocityNew=0.003992
    [desiredVelocityUpdate]
      contact=4
      point=(0.650000, 1.246101, 0.650000)
      normal=(-0.000000, -1.000000, -0.000000)
      depth=0.000000
      contactVelocityDelta=(0.003992, -0.000174, 0.000174)
      desiredDeltaVelocityOld=0.003992
      desiredDeltaVelocityNew=0.000000
  [adjustVelocities] iteration=31
    [velocityResolution]
      contact=0
      point=(0.650000, 0.000000, 0.650000)
      normal=(0.000000, 1.000000, 0.000000)
      depth=0.006737
      basis=[0.000000 0.000000 1.000000 | 1.000000 -0.000000 -0.000000 | 0.000000 1.000000 -0.000000]
      desiredDeltaVelocity=0.010980
      impulse=(-0.005798, 0.031798, -0.005798)
      velocityChange[0]=(-0.000580, 0.003180, -0.000580)
      velocityChange[1]=(-0.001215, 0.001909, -0.001215)
      rotationChange[0]=(-0.006000, -0.000000, 0.006000)
      rotationChange[1]=(-0.001602, 0.000000, 0.001602)
    [desiredVelocityUpdate]
      contact=0
      point=(0.650000, 0.000000, 0.650000)
      normal=(0.000000, 1.000000, 0.000000)
      depth=0.006737
      contactVelocityDelta=(0.010980, 0.003320, 0.003320)
      desiredDeltaVelocityOld=0.010980
      desiredDeltaVelocityNew=0.000000
    [desiredVelocityUpdate]
      contact=1
      point=(-0.650000, 0.000000, 0.650000)
      normal=(0.000000, 1.000000, 0.000000)
      depth=0.001684
      contactVelocityDelta=(0.003180, 0.003320, 0.003320)
      desiredDeltaVelocityOld=-1.581545
      desiredDeltaVelocityNew=-1.585361
    [desiredVelocityUpdate]
      contact=2
      point=(0.650000, 0.000000, -0.650000)
      normal=(0.000000, 1.000000, 0.000000)
      depth=0.001684
      contactVelocityDelta=(0.003180, 0.003320, 0.003320)
      desiredDeltaVelocityOld=-1.581545
      desiredDeltaVelocityNew=-1.585361
    [desiredVelocityUpdate]
      contact=3
      point=(-0.650000, 0.000000, -0.650000)
      normal=(0.000000, 1.000000, 0.000000)
      depth=-0.003369
      contactVelocityDelta=(-0.004620, 0.003320, 0.003320)
      desiredDeltaVelocityOld=-3.176266
      desiredDeltaVelocityNew=-3.170722
    [desiredVelocityUpdate]
      contact=4
      point=(0.650000, 1.246101, 0.650000)
      normal=(-0.000000, -1.000000, -0.000000)
      depth=0.000000
      contactVelocityDelta=(-0.010980, 0.004156, -0.004156)
      desiredDeltaVelocityOld=0.000000
      desiredDeltaVelocityNew=0.010980
  [adjustVelocities] iteration=32
    [velocityResolution]
      contact=4
      point=(0.650000, 1.246101, 0.650000)
      normal=(-0.000000, -1.000000, -0.000000)
      depth=0.000000
      basis=[-0.000000 0.000000 1.000000 | -1.000000 0.000000 -0.000000 | -0.000000 -1.000000 -0.000000]
      desiredDeltaVelocity=0.010980
      impulse=(0.008911, -0.014002, 0.008911)
      velocityChange[0]=(0.000891, -0.001400, 0.000891)
      velocityChange[1]=(-0.000891, 0.001400, -0.000891)
      rotationChange[0]=(0.005117, -0.000000, -0.005117)
      rotationChange[1]=(-0.001175, 0.000000, 0.001175)
    [desiredVelocityUpdate]
      contact=0
      point=(0.650000, 0.000000, 0.650000)
      normal=(0.000000, 1.000000, 0.000000)
      depth=0.006737
      contactVelocityDelta=(-0.008052, -0.002435, -0.002435)
      desiredDeltaVelocityOld=0.000000
      desiredDeltaVelocityNew=0.008052
    [desiredVelocityUpdate]
      contact=1
      point=(-0.650000, 0.000000, 0.650000)
      normal=(0.000000, 1.000000, 0.000000)
      depth=0.001684
      contactVelocityDelta=(-0.001400, -0.002435, -0.002435)
      desiredDeltaVelocityOld=-1.585361
      desiredDeltaVelocityNew=-1.583681
    [desiredVelocityUpdate]
      contact=2
      point=(0.650000, 0.000000, -0.650000)
      normal=(0.000000, 1.000000, 0.000000)
      depth=0.001684
      contactVelocityDelta=(-0.001400, -0.002435, -0.002435)
      desiredDeltaVelocityOld=-1.585361
      desiredDeltaVelocityNew=-1.583681
    [desiredVelocityUpdate]
      contact=3
      point=(-0.650000, 0.000000, -0.650000)
      normal=(0.000000, 1.000000, 0.000000)
      depth=-0.003369
      contactVelocityDelta=(0.005252, -0.002435, -0.002435)
      desiredDeltaVelocityOld=-3.170722
      desiredDeltaVelocityNew=-3.177024
    [desiredVelocityUpdate]
      contact=4
      point=(0.650000, 1.246101, 0.650000)
      normal=(-0.000000, -1.000000, -0.000000)
      depth=0.000000
      contactVelocityDelta=(0.008052, -0.003941, 0.003941)
      desiredDeltaVelocityOld=0.010980
      desiredDeltaVelocityNew=0.002928
    [desiredVelocityUpdate]
      contact=4
      point=(0.650000, 1.246101, 0.650000)
      normal=(-0.000000, -1.000000, -0.000000)
      depth=0.000000
      contactVelocityDelta=(0.002928, -0.000127, 0.000127)
      desiredDeltaVelocityOld=0.002928
      desiredDeltaVelocityNew=0.000000
  [adjustVelocities] iteration=33
============================================================
Frame 124 duration=0.008333 boxesColliding=true
  box[0]: position=(0.005510, 0.658628, 0.005510), orientation=(0.999962, 0.006191, -0.000000, -0.006191), velocity=(0.661175, 1.237455, 0.661175), rotation=(1.019477, -0.000000, -1.019477), motion=0.622372
  box[1]: position=(-0.010531, 1.853910, -0.010531), orientation=(0.998841, -0.034030, -0.000000, 0.034030), velocity=(-1.263772, -6.477808, -1.263772), rotation=(-4.906848, -0.000000, 4.906848), motion=3.000000
  [prepareContacts]
      contact=0
      point=(0.647362, -0.014738, 0.647362)
      normal=(0.000000, 1.000000, 0.000000)
      relative_pos[0]=(0.641852, -0.673366, 0.641852)
      relative_pos[1]=(0.000000, 0.000000, 0.000000)
      depth=0.007369
      basis=[0.000000 0.000000 1.000000 | 1.000000 -0.000000 -0.000000 | 0.000000 1.000000 -0.000000]
      local_velocity=(-0.071252, -0.025305, -0.025305)
      desiredDeltaVelocity=0.071252
  [prepareContacts]
      contact=1
      point=(-0.613332, 1.118545, -0.613332)
      normal=(-0.012382, -0.999847, -0.012382)
      relative_pos[0]=(-0.618842, 0.459917, -0.618842)
      relative_pos[1]=(-0.602801, -0.735365, -0.602801)
      depth=0.205478
      basis=[-0.012382 0.000000 0.999923 | -0.999847 0.012383 -0.012381 | -0.012382 -0.999923 -0.000153]
      local_velocity=(-14.860401, 1.398823, -1.398608)
      desiredDeltaVelocity=17.832481
  [adjustPositions] iteration=0
    [penetration]
      contact=1
      point=(-0.613332, 1.118545, -0.613332)
      normal=(-0.012382, -0.999847, -0.012382)
      depth=0.205478
      basis=[-0.012382 0.000000 0.999923 | -0.999847 0.012383 -0.012381 | -0.012382 -0.999923 -0.000153]
      desiredDeltaVelocity=17.832481
      linearChange[0]=(-0.000350, -0.028257, -0.000350)
      linearChange[1]=(0.000350, 0.028257, 0.000350)
      angularChange[0]=(-0.062653, 0.000000, 0.062653)
      angularChange[1]=(0.059559, -0.000000, -0.059559)
    [depthUpdate]
      contact=0
      point=(0.647362, -0.014738, 0.647362)
      normal=(0.000000, 1.000000, 0.000000)
      depth=-0.044803
      penetrationDelta=-0.052172
      newPenetration=-0.044803
    [depthUpdate]
      contact=1
      point=(-0.613332, 1.118545, -0.613332)
      normal=(-0.012382, -0.999847, -0.012382)
      depth=-0.000000
      penetrationDelta=-0.205478
      newPenetration=-0.000000
  [adjustPositions] iteration=1
  [adjustVelocities] iteration=0
    [velocityResolution]
      contact=1
      point=(-0.613332, 1.118545, -0.613332)
      normal=(-0.012382, -0.999847, -0.012382)
      depth=-0.000000
      basis=[-0.012382 0.000000 0.999923 | -0.999847 0.012383 -0.012381 | -0.012382 -0.999923 -0.000153]
      desiredDeltaVelocity=17.832481
      impulse=(-0.438273, -24.541350, -0.438273)
      velocityChange[0]=(-0.043827, -2.454135, -0.043827)
      velocityChange[1]=(0.043827, 2.454135, 0.043827)
      rotationChange[0]=(-5.463477, -0.000000, 5.463477)
      rotationChange[1]=(5.137726, 0.000000, -5.137726)
    [desiredVelocityUpdate]
      contact=0
      point=(0.647362, -0.014738, 0.647362)
      normal=(0.000000, 1.000000, 0.000000)
      depth=-0.044803
      contactVelocityDelta=(4.559355, 3.635090, 3.635090)
      desiredDeltaVelocityOld=0.071252
      desiredDeltaVelocityNew=-5.402074
    [desiredVelocityUpdate]
      contact=1
      point=(-0.613332, 1.118545, -0.613332)
      normal=(-0.012382, -0.999847, -0.012382)
      depth=-0.000000
      contactVelocityDelta=(9.278094, 2.442256, -2.441882)
      desiredDeltaVelocityOld=17.832481
      desiredDeltaVelocityNew=6.698769
    [desiredVelocityUpdate]
      contact=1
      point=(-0.613332, 1.118545, -0.613332)
      normal=(-0.012382, -0.999847, -0.012382)
      depth=-0.000000
      contactVelocityDelta=(8.554388, -3.841079, 3.840490)
      desiredDeltaVelocityOld=6.698769
      desiredDeltaVelocityNew=-3.566496
  [adjustVelocities] iteration=1
